Archive member included to satisfy reference by file (symbol)

.\CortexM0\ARM_GCC_541\Debug\Sensored BLDC Motor Control.a(isr_spd.o)
                              .\CortexM0\ARM_GCC_541\Debug\motor.o (isr_spd_Start)
.\CortexM0\ARM_GCC_541\Debug\Sensored BLDC Motor Control.a(Hall_Error.o)
                              .\CortexM0\ARM_GCC_541\Debug\main.o (Hall_Error_Read)
.\CortexM0\ARM_GCC_541\Debug\Sensored BLDC Motor Control.a(PWM_Drive.o)
                              .\CortexM0\ARM_GCC_541\Debug\main.o (PWM_Drive_WriteCompare)
.\CortexM0\ARM_GCC_541\Debug\Sensored BLDC Motor Control.a(isr_pwm.o)
                              .\CortexM0\ARM_GCC_541\Debug\motor.o (isr_pwm_Start)
.\CortexM0\ARM_GCC_541\Debug\Sensored BLDC Motor Control.a(CtrlReg_Dir.o)
                              .\CortexM0\ARM_GCC_541\Debug\main.o (CtrlReg_Dir_Write)
.\CortexM0\ARM_GCC_541\Debug\Sensored BLDC Motor Control.a(CtrlReg_PWMOut.o)
                              .\CortexM0\ARM_GCC_541\Debug\main.o (CtrlReg_PWMOut_Write)
.\CortexM0\ARM_GCC_541\Debug\Sensored BLDC Motor Control.a(STATUS_LED.o)
                              .\CortexM0\ARM_GCC_541\Debug\main.o (STATUS_LED_Write)
.\CortexM0\ARM_GCC_541\Debug\Sensored BLDC Motor Control.a(UART_BCP.o)
                              .\CortexM0\ARM_GCC_541\Debug\motor.o (UART_BCP_Start)
.\CortexM0\ARM_GCC_541\Debug\Sensored BLDC Motor Control.a(UART_BCP_SPI_UART.o)
                              .\CortexM0\ARM_GCC_541\Debug\userinterface.o (UART_BCP_SpiUartPutArray)
.\CortexM0\ARM_GCC_541\Debug\Sensored BLDC Motor Control.a(UART_BCP_UART.o)
                              .\CortexM0\ARM_GCC_541\Debug\Sensored BLDC Motor Control.a(UART_BCP.o) (UART_BCP_UartInit)
.\CortexM0\ARM_GCC_541\Debug\Sensored BLDC Motor Control.a(SW2.o)
                              .\CortexM0\ARM_GCC_541\Debug\userinterface.o (SW2_Read)
.\CortexM0\ARM_GCC_541\Debug\Sensored BLDC Motor Control.a(ADC_SAR_Seq_1.o)
                              .\CortexM0\ARM_GCC_541\Debug\motor.o (ADC_SAR_Seq_1_Start)
.\CortexM0\ARM_GCC_541\Debug\Sensored BLDC Motor Control.a(ADC_SAR_Seq_1_INT.o)
                              .\CortexM0\ARM_GCC_541\Debug\Sensored BLDC Motor Control.a(ADC_SAR_Seq_1.o) (ADC_SAR_Seq_1_ISR)
.\CortexM0\ARM_GCC_541\Debug\Sensored BLDC Motor Control.a(IDAC_Iref.o)
                              .\CortexM0\ARM_GCC_541\Debug\motor.o (IDAC_Iref_Start)
.\CortexM0\ARM_GCC_541\Debug\Sensored BLDC Motor Control.a(LPComp_OC.o)
                              .\CortexM0\ARM_GCC_541\Debug\motor.o (LPComp_OC_Start)
.\CortexM0\ARM_GCC_541\Debug\Sensored BLDC Motor Control.a(isr_oc.o)
                              .\CortexM0\ARM_GCC_541\Debug\motor.o (isr_oc_Start)
.\CortexM0\ARM_GCC_541\Debug\Sensored BLDC Motor Control.a(Counter_Spd.o)
                              .\CortexM0\ARM_GCC_541\Debug\motor.o (Counter_Spd_Start)
.\CortexM0\ARM_GCC_541\Debug\Sensored BLDC Motor Control.a(CyLib.o)
                              .\CortexM0\ARM_GCC_541\Debug\cyfitter_cfg.o (CySysClkWriteImoFreq)
.\CortexM0\ARM_GCC_541\Debug\Sensored BLDC Motor Control.a(CyBootAsmGnu.o)
                              .\CortexM0\ARM_GCC_541\Debug\Sensored BLDC Motor Control.a(CyLib.o) (CyDelayCycles)
c:/program files (x86)/cypress/psoc creator/4.2/psoc creator/import/gnu/arm/5.4.1/bin/../lib/gcc/arm-none-eabi/5.4.1/armv6-m\libgcc.a(_udivsi3.o)
                              .\CortexM0\ARM_GCC_541\Debug\main.o (__aeabi_uidiv)
c:/program files (x86)/cypress/psoc creator/4.2/psoc creator/import/gnu/arm/5.4.1/bin/../lib/gcc/arm-none-eabi/5.4.1/armv6-m\libgcc.a(_divsi3.o)
                              .\CortexM0\ARM_GCC_541\Debug\Sensored BLDC Motor Control.a(ADC_SAR_Seq_1.o) (__aeabi_idiv)
c:/program files (x86)/cypress/psoc creator/4.2/psoc creator/import/gnu/arm/5.4.1/bin/../lib/gcc/arm-none-eabi/5.4.1/armv6-m\libgcc.a(_dvmd_tls.o)
                              c:/program files (x86)/cypress/psoc creator/4.2/psoc creator/import/gnu/arm/5.4.1/bin/../lib/gcc/arm-none-eabi/5.4.1/armv6-m\libgcc.a(_udivsi3.o) (__aeabi_idiv0)
c:/program files (x86)/cypress/psoc creator/4.2/psoc creator/import/gnu/arm/5.4.1/bin/../lib/gcc/arm-none-eabi/5.4.1/armv6-m\libgcc.a(_aeabi_ldivmod.o)
                              .\CortexM0\ARM_GCC_541\Debug\Sensored BLDC Motor Control.a(ADC_SAR_Seq_1.o) (__aeabi_ldivmod)
c:/program files (x86)/cypress/psoc creator/4.2/psoc creator/import/gnu/arm/5.4.1/bin/../lib/gcc/arm-none-eabi/5.4.1/armv6-m\libgcc.a(_muldi3.o)
                              .\CortexM0\ARM_GCC_541\Debug\Sensored BLDC Motor Control.a(ADC_SAR_Seq_1.o) (__aeabi_lmul)
c:/program files (x86)/cypress/psoc creator/4.2/psoc creator/import/gnu/arm/5.4.1/bin/../lib/gcc/arm-none-eabi/5.4.1/armv6-m\libgcc.a(bpabi.o)
                              c:/program files (x86)/cypress/psoc creator/4.2/psoc creator/import/gnu/arm/5.4.1/bin/../lib/gcc/arm-none-eabi/5.4.1/armv6-m\libgcc.a(_aeabi_ldivmod.o) (__gnu_ldivmod_helper)
[...]
Memory Configuration

Name             Origin             Length             Attributes
rom              0x00000000         0x00008000         xr
ram              0x20000000         0x00001000         xrw
*default*        0x00000000         0xffffffff

Linker script and memory map

LOAD c:/program files (x86)/cypress/psoc creator/4.2/psoc creator/import/gnu/arm/5.4.1/bin/../lib/gcc/arm-none-eabi/5.4.1/armv6-m/crti.o
LOAD c:/program files (x86)/cypress/psoc creator/4.2/psoc creator/import/gnu/arm/5.4.1/bin/../lib/gcc/arm-none-eabi/5.4.1/armv6-m/crtbegin.o
LOAD c:/program files (x86)/cypress/psoc creator/4.2/psoc creator/import/gnu/arm/5.4.1/bin/../lib/gcc/arm-none-eabi/5.4.1/../../../../arm-none-eabi/lib/armv6-m/crt0.o
START GROUP
LOAD .\CortexM0\ARM_GCC_541\Debug\main.o
LOAD .\CortexM0\ARM_GCC_541\Debug\getvalue.o
LOAD .\CortexM0\ARM_GCC_541\Debug\speedloop.o
LOAD .\CortexM0\ARM_GCC_541\Debug\userinterface.o
LOAD .\CortexM0\ARM_GCC_541\Debug\motor.o
LOAD .\CortexM0\ARM_GCC_541\Debug\cyfitter_cfg.o
LOAD .\CortexM0\ARM_GCC_541\Debug\cymetadata.o
LOAD .\CortexM0\ARM_GCC_541\Debug\Cm0Start.o
LOAD .\CortexM0\ARM_GCC_541\Debug\Sensored BLDC Motor Control.a
END GROUP
START GROUP
LOAD c:/program files (x86)/cypress/psoc creator/4.2/psoc creator/import/gnu/arm/5.4.1/bin/../lib/gcc/arm-none-eabi/5.4.1/armv6-m\libgcc.a
LOAD c:/program files (x86)/cypress/psoc creator/4.2/psoc creator/import/gnu/arm/5.4.1/bin/../lib/gcc/arm-none-eabi/5.4.1/../../../../arm-none-eabi/lib/armv6-m\libg_nano.a
LOAD c:/program files (x86)/cypress/psoc creator/4.2/psoc creator/import/gnu/arm/5.4.1/bin/../lib/gcc/arm-none-eabi/5.4.1/../../../../arm-none-eabi/lib/armv6-m\libc_nano.a
END GROUP
START GROUP
LOAD c:/program files (x86)/cypress/psoc creator/4.2/psoc creator/import/gnu/arm/5.4.1/bin/../lib/gcc/arm-none-eabi/5.4.1/armv6-m\libgcc.a
LOAD c:/program files (x86)/cypress/psoc creator/4.2/psoc creator/import/gnu/arm/5.4.1/bin/../lib/gcc/arm-none-eabi/5.4.1/../../../../arm-none-eabi/lib/armv6-m\libc_nano.a
END GROUP
LOAD c:/program files (x86)/cypress/psoc creator/4.2/psoc creator/import/gnu/arm/5.4.1/bin/../lib/gcc/arm-none-eabi/5.4.1/armv6-m/crtend.o
LOAD c:/program files (x86)/cypress/psoc creator/4.2/psoc creator/import/gnu/arm/5.4.1/bin/../lib/gcc/arm-none-eabi/5.4.1/armv6-m/crtn.o
START GROUP
LOAD c:/program files (x86)/cypress/psoc creator/4.2/psoc creator/import/gnu/arm/5.4.1/bin/../lib/gcc/arm-none-eabi/5.4.1/armv6-m\libgcc.a
LOAD c:/program files (x86)/cypress/psoc creator/4.2/psoc creator/import/gnu/arm/5.4.1/bin/../lib/gcc/arm-none-eabi/5.4.1/../../../../arm-none-eabi/lib/armv6-m\libc.a
LOAD c:/program files (x86)/cypress/psoc creator/4.2/psoc creator/import/gnu/arm/5.4.1/bin/../lib/gcc/arm-none-eabi/5.4.1/../../../../arm-none-eabi/lib/armv6-m\libnosys.a
END GROUP
                0x00000000                CY_APPL_ORIGIN = 0x0
                0x00000080                CY_FLASH_ROW_SIZE = 0x80
                0x00000001                CY_APPL_NUM = 0x1
                0x00000001                CY_APPL_MAX = 0x1
                0x00000040                CY_METADATA_SIZE = 0x40
                0x00000000                CY_APPL_LOADABLE = 0x0
                0x00000000                CY_CHECKSUM_EXCLUDE_SIZE = ALIGN (0x0, CY_FLASH_ROW_SIZE)
                0x00000000                CY_APP_FOR_STACK_AND_COPIER = 0x0
                [!provide]                PROVIDE (__cy_heap_start, _end)
                0x00000001                PROVIDE (__cy_region_num, ((__cy_regions_end - __cy_regions) / 0x10))
                0x20001000                PROVIDE (__cy_stack, (ORIGIN (ram) + LENGTH (ram)))
                [!provide]                PROVIDE (__cy_heap_end, (__cy_stack - 0x400))

.cybootloader   0x00000000        0x0
 *(.cybootloader)
                0x00000000                appl1_start = CY_APPL_ORIGIN?CY_APPL_ORIGIN:ALIGN (CY_FLASH_ROW_SIZE)
                0x00003f80                appl2_start = (appl1_start + ALIGN ((((LENGTH (rom) - appl1_start) - (0x2 * CY_FLASH_ROW_SIZE)) / 0x2), CY_FLASH_ROW_SIZE))
                0x00000000                appl_start = (CY_APPL_NUM == 0x1)?appl1_start:appl2_start
                0x00000001                cy_project_type_bootloader = (appl_start == 0x0)?0x1:0x0
                0x00000000                cy_project_type_app_for_stack_and_copier = (CY_APP_FOR_STACK_AND_COPIER == 0x1)?0x1:0x0

.text           0x00000000     0x20c0
 CREATE_OBJECT_SYMBOLS
                0x00000000                PROVIDE (__cy_interrupt_vector, RomVectors)
 *(.romvectors)
 .romvectors    0x00000000       0x10 .\CortexM0\ARM_GCC_541\Debug\Cm0Start.o
                0x00000000                RomVectors
                0x00000001                ASSERT ((. != __cy_interrupt_vector), No interrupt vector)
                0x00000001                ASSERT (CY_APPL_ORIGIN?(SIZEOF (.cybootloader) <= CY_APPL_ORIGIN):0x1, Wrong image location)
                0x00000010                PROVIDE (__cy_reset, Reset)
 *(.text.Reset)
 .text.Reset    0x00000010        0x8 .\CortexM0\ARM_GCC_541\Debug\Cm0Start.o
                0x00000010                Reset
                0x00000001                ASSERT ((. != __cy_reset), No reset code)
 *(.psocinit)
 .psocinit      0x00000018      0x2dc .\CortexM0\ARM_GCC_541\Debug\cyfitter_cfg.o
                0x000000d0                cyfitter_cfg
                0x000002f4                . = MAX (., 0x100)
 *(.text .text.* .gnu.linkonce.t.*)
 .text          0x000002f4       0x60 c:/program files (x86)/cypress/psoc creator/4.2/psoc creator/import/gnu/arm/5.4.1/bin/../lib/gcc/arm-none-eabi/5.4.1/armv6-m/crtbegin.o
 .text.main     0x00000354      0x1ac .\CortexM0\ARM_GCC_541\Debug\main.o
                0x00000354                main
 .text.VoltageCheck
                0x00000500       0xb4 .\CortexM0\ARM_GCC_541\Debug\getvalue.o
                0x00000500                VoltageCheck
 .text.SpeedPID
                0x000005b4      0x110 .\CortexM0\ARM_GCC_541\Debug\speedloop.o
                0x000005b4                SpeedPID
 .text.ButtonPressDetect
                0x000006c4       0xbc .\CortexM0\ARM_GCC_541\Debug\userinterface.o
                0x000006c4                ButtonPressDetect
 .text.ButtonProcess
                0x00000780       0x50 .\CortexM0\ARM_GCC_541\Debug\userinterface.o
                0x00000780                ButtonProcess
 .text.UpdateStatusInit
                0x000007d0       0x20 .\CortexM0\ARM_GCC_541\Debug\userinterface.o
                0x000007d0                UpdateStatusInit
 .text.UpdateStatusError
                0x000007f0       0x14 .\CortexM0\ARM_GCC_541\Debug\userinterface.o
                0x000007f0                UpdateStatusError
 .text.BCPPoll  0x00000804       0xb8 .\CortexM0\ARM_GCC_541\Debug\userinterface.o
                0x00000804                BCPPoll
 .text.pwm_isr  0x000008bc       0x78 .\CortexM0\ARM_GCC_541\Debug\motor.o
                0x000008bc                pwm_isr
 .text.speed_measure_isr
                0x00000934       0x74 .\CortexM0\ARM_GCC_541\Debug\motor.o
                0x00000934                speed_measure_isr
 .text.over_current_isr
                0x000009a8       0x20 .\CortexM0\ARM_GCC_541\Debug\motor.o
                0x000009a8                over_current_isr
 .text.Init_UI_FW
                0x000009c8       0x44 .\CortexM0\ARM_GCC_541\Debug\motor.o
                0x000009c8                Init_UI_FW
 .text.Init_HW  0x00000a0c       0x6c .\CortexM0\ARM_GCC_541\Debug\motor.o
                0x00000a0c                Init_HW
 .text.Init_UI_HW
                0x00000a78       0x10 .\CortexM0\ARM_GCC_541\Debug\motor.o
                0x00000a78                Init_UI_HW
 .text.CYMEMZERO
                0x00000a88       0x20 .\CortexM0\ARM_GCC_541\Debug\cyfitter_cfg.o
 .text.cfg_write_bytes32
                0x00000aa8       0x84 .\CortexM0\ARM_GCC_541\Debug\cyfitter_cfg.o
 .text.AnalogSetDefault
                0x00000b2c       0x24 .\CortexM0\ARM_GCC_541\Debug\cyfitter_cfg.o
 .text.SetAnalogRoutingPumps
                0x00000b50       0x40 .\CortexM0\ARM_GCC_541\Debug\cyfitter_cfg.o
                0x00000b50                SetAnalogRoutingPumps
 .text.IntDefaultHandler
                0x00000b90       0x14 .\CortexM0\ARM_GCC_541\Debug\Cm0Start.o
                0x00000b90                IntDefaultHandler
 .text.Start_c  0x00000ba4       0x98 .\CortexM0\ARM_GCC_541\Debug\Cm0Start.o
                0x00000ba4                Start_c
 .text.initialize_psoc
                0x00000c3c       0x64 .\CortexM0\ARM_GCC_541\Debug\Cm0Start.o
                0x00000c3c                initialize_psoc
 .text.isr_spd_Start
                0x00000ca0       0x24 .\CortexM0\ARM_GCC_541\Debug\Sensored BLDC Motor Control.a(isr_spd.o)
                0x00000ca0                isr_spd_Start
 .text.isr_spd_StartEx
                0x00000cc4       0x28 .\CortexM0\ARM_GCC_541\Debug\Sensored BLDC Motor Control.a(isr_spd.o)
                0x00000cc4                isr_spd_StartEx
 .text.isr_spd_Interrupt
                0x00000cec        0xc .\CortexM0\ARM_GCC_541\Debug\Sensored BLDC Motor Control.a(isr_spd.o)
                0x00000cec                isr_spd_Interrupt
 .text.isr_spd_SetVector
                0x00000cf8       0x1c .\CortexM0\ARM_GCC_541\Debug\Sensored BLDC Motor Control.a(isr_spd.o)
                0x00000cf8                isr_spd_SetVector
 .text.isr_spd_SetPriority
                0x00000d14       0x50 .\CortexM0\ARM_GCC_541\Debug\Sensored BLDC Motor Control.a(isr_spd.o)
                0x00000d14                isr_spd_SetPriority
 .text.isr_spd_Enable
                0x00000d64       0x18 .\CortexM0\ARM_GCC_541\Debug\Sensored BLDC Motor Control.a(isr_spd.o)
                0x00000d64                isr_spd_Enable
 .text.isr_spd_Disable
                0x00000d7c       0x18 .\CortexM0\ARM_GCC_541\Debug\Sensored BLDC Motor Control.a(isr_spd.o)
                0x00000d7c                isr_spd_Disable
 .text.Hall_Error_Read
                0x00000d94       0x14 .\CortexM0\ARM_GCC_541\Debug\Sensored BLDC Motor Control.a(Hall_Error.o)
                0x00000d94                Hall_Error_Read
 .text.PWM_Drive_Init
                0x00000da8       0x5c .\CortexM0\ARM_GCC_541\Debug\Sensored BLDC Motor Control.a(PWM_Drive.o)
                0x00000da8                PWM_Drive_Init
 .text.PWM_Drive_Enable
                0x00000e04       0x3c .\CortexM0\ARM_GCC_541\Debug\Sensored BLDC Motor Control.a(PWM_Drive.o)
                0x00000e04                PWM_Drive_Enable
 .text.PWM_Drive_Start
                0x00000e40       0x24 .\CortexM0\ARM_GCC_541\Debug\Sensored BLDC Motor Control.a(PWM_Drive.o)
                0x00000e40                PWM_Drive_Start
 .text.PWM_Drive_WriteCounter
                0x00000e64       0x20 .\CortexM0\ARM_GCC_541\Debug\Sensored BLDC Motor Control.a(PWM_Drive.o)
                0x00000e64                PWM_Drive_WriteCounter
 .text.PWM_Drive_WritePeriod
                0x00000e84       0x20 .\CortexM0\ARM_GCC_541\Debug\Sensored BLDC Motor Control.a(PWM_Drive.o)
                0x00000e84                PWM_Drive_WritePeriod
 .text.PWM_Drive_ReadPeriod
                0x00000ea4       0x18 .\CortexM0\ARM_GCC_541\Debug\Sensored BLDC Motor Control.a(PWM_Drive.o)
                0x00000ea4                PWM_Drive_ReadPeriod
 .text.PWM_Drive_WriteCompare
                0x00000ebc       0x20 .\CortexM0\ARM_GCC_541\Debug\Sensored BLDC Motor Control.a(PWM_Drive.o)
                0x00000ebc                PWM_Drive_WriteCompare
 .text.PWM_Drive_TriggerCommand
                0x00000edc       0x3c .\CortexM0\ARM_GCC_541\Debug\Sensored BLDC Motor Control.a(PWM_Drive.o)
                0x00000edc                PWM_Drive_TriggerCommand
 .text.PWM_Drive_SetInterruptMode
                0x00000f18       0x1c .\CortexM0\ARM_GCC_541\Debug\Sensored BLDC Motor Control.a(PWM_Drive.o)
                0x00000f18                PWM_Drive_SetInterruptMode
 .text.PWM_Drive_ClearInterrupt
                0x00000f34       0x1c .\CortexM0\ARM_GCC_541\Debug\Sensored BLDC Motor Control.a(PWM_Drive.o)
                0x00000f34                PWM_Drive_ClearInterrupt
 .text.isr_pwm_Start
                0x00000f50       0x24 .\CortexM0\ARM_GCC_541\Debug\Sensored BLDC Motor Control.a(isr_pwm.o)
                0x00000f50                isr_pwm_Start
 .text.isr_pwm_StartEx
                0x00000f74       0x28 .\CortexM0\ARM_GCC_541\Debug\Sensored BLDC Motor Control.a(isr_pwm.o)
                0x00000f74                isr_pwm_StartEx
 .text.isr_pwm_Interrupt
                0x00000f9c        0xc .\CortexM0\ARM_GCC_541\Debug\Sensored BLDC Motor Control.a(isr_pwm.o)
                0x00000f9c                isr_pwm_Interrupt
 .text.isr_pwm_SetVector
                0x00000fa8       0x1c .\CortexM0\ARM_GCC_541\Debug\Sensored BLDC Motor Control.a(isr_pwm.o)
                0x00000fa8                isr_pwm_SetVector
 .text.isr_pwm_SetPriority
                0x00000fc4       0x50 .\CortexM0\ARM_GCC_541\Debug\Sensored BLDC Motor Control.a(isr_pwm.o)
                0x00000fc4                isr_pwm_SetPriority
 .text.isr_pwm_Enable
                0x00001014       0x18 .\CortexM0\ARM_GCC_541\Debug\Sensored BLDC Motor Control.a(isr_pwm.o)
                0x00001014                isr_pwm_Enable
 .text.isr_pwm_Disable
                0x0000102c       0x18 .\CortexM0\ARM_GCC_541\Debug\Sensored BLDC Motor Control.a(isr_pwm.o)
                0x0000102c                isr_pwm_Disable
 .text.CtrlReg_Dir_Write
                0x00001044       0x20 .\CortexM0\ARM_GCC_541\Debug\Sensored BLDC Motor Control.a(CtrlReg_Dir.o)
                0x00001044                CtrlReg_Dir_Write
 .text.CtrlReg_PWMOut_Write
                0x00001064       0x20 .\CortexM0\ARM_GCC_541\Debug\Sensored BLDC Motor Control.a(CtrlReg_PWMOut.o)
                0x00001064                CtrlReg_PWMOut_Write
 .text.STATUS_LED_Write
                0x00001084       0x50 .\CortexM0\ARM_GCC_541\Debug\Sensored BLDC Motor Control.a(STATUS_LED.o)
                0x00001084                STATUS_LED_Write
 .text.STATUS_LED_Read
                0x000010d4       0x1c .\CortexM0\ARM_GCC_541\Debug\Sensored BLDC Motor Control.a(STATUS_LED.o)
                0x000010d4                STATUS_LED_Read
 .text.UART_BCP_Init
                0x000010f0       0x10 .\CortexM0\ARM_GCC_541\Debug\Sensored BLDC Motor Control.a(UART_BCP.o)
                0x000010f0                UART_BCP_Init
 .text.UART_BCP_Enable
                0x00001100       0x24 .\CortexM0\ARM_GCC_541\Debug\Sensored BLDC Motor Control.a(UART_BCP.o)
                0x00001100                UART_BCP_Enable
 .text.UART_BCP_Start
                0x00001124       0x24 .\CortexM0\ARM_GCC_541\Debug\Sensored BLDC Motor Control.a(UART_BCP.o)
                0x00001124                UART_BCP_Start
 .text.UART_BCP_ScbEnableIntr
                0x00001148        0xc .\CortexM0\ARM_GCC_541\Debug\Sensored BLDC Motor Control.a(UART_BCP.o)
 .text.UART_BCP_ScbModePostEnable
                0x00001154       0x10 .\CortexM0\ARM_GCC_541\Debug\Sensored BLDC Motor Control.a(UART_BCP.o)
 .text.UART_BCP_SpiUartWriteTxData
                0x00001164       0x2c .\CortexM0\ARM_GCC_541\Debug\Sensored BLDC Motor Control.a(UART_BCP_SPI_UART.o)
                0x00001164                UART_BCP_SpiUartWriteTxData
 .text.UART_BCP_SpiUartPutArray
                0x00001190       0x34 .\CortexM0\ARM_GCC_541\Debug\Sensored BLDC Motor Control.a(UART_BCP_SPI_UART.o)
                0x00001190                UART_BCP_SpiUartPutArray
 .text.UART_BCP_SpiUartGetTxBufferSize
                0x000011c4       0x20 .\CortexM0\ARM_GCC_541\Debug\Sensored BLDC Motor Control.a(UART_BCP_SPI_UART.o)
                0x000011c4                UART_BCP_SpiUartGetTxBufferSize
 .text.UART_BCP_UartInit
                0x000011e4       0xbc .\CortexM0\ARM_GCC_541\Debug\Sensored BLDC Motor Control.a(UART_BCP_UART.o)
                0x000011e4                UART_BCP_UartInit
 .text.UART_BCP_UartPostEnable
                0x000012a0       0x30 .\CortexM0\ARM_GCC_541\Debug\Sensored BLDC Motor Control.a(UART_BCP_UART.o)
                0x000012a0                UART_BCP_UartPostEnable
 .text.SW2_Read
                0x000012d0       0x1c .\CortexM0\ARM_GCC_541\Debug\Sensored BLDC Motor Control.a(SW2.o)
                0x000012d0                SW2_Read
 .text.ADC_SAR_Seq_1_Start
                0x000012ec       0x24 .\CortexM0\ARM_GCC_541\Debug\Sensored BLDC Motor Control.a(ADC_SAR_Seq_1.o)
                0x000012ec                ADC_SAR_Seq_1_Start
 .text.ADC_SAR_Seq_1_Init
                0x00001310      0x1f0 .\CortexM0\ARM_GCC_541\Debug\Sensored BLDC Motor Control.a(ADC_SAR_Seq_1.o)
                0x00001310                ADC_SAR_Seq_1_Init
 .text.ADC_SAR_Seq_1_Enable
                0x00001500       0x2c .\CortexM0\ARM_GCC_541\Debug\Sensored BLDC Motor Control.a(ADC_SAR_Seq_1.o)
                0x00001500                ADC_SAR_Seq_1_Enable
 .text.ADC_SAR_Seq_1_GetResult16
                0x0000152c       0x44 .\CortexM0\ARM_GCC_541\Debug\Sensored BLDC Motor Control.a(ADC_SAR_Seq_1.o)
                0x0000152c                ADC_SAR_Seq_1_GetResult16
 .text.ADC_SAR_Seq_1_ISR
                0x00001570       0x20 .\CortexM0\ARM_GCC_541\Debug\Sensored BLDC Motor Control.a(ADC_SAR_Seq_1_INT.o)
                0x00001570                ADC_SAR_Seq_1_ISR
 .text.IDAC_Iref_Init
                0x00001590       0x80 .\CortexM0\ARM_GCC_541\Debug\Sensored BLDC Motor Control.a(IDAC_Iref.o)
                0x00001590                IDAC_Iref_Init
 .text.IDAC_Iref_Enable
                0x00001610       0x48 .\CortexM0\ARM_GCC_541\Debug\Sensored BLDC Motor Control.a(IDAC_Iref.o)
                0x00001610                IDAC_Iref_Enable
 .text.IDAC_Iref_Start
                0x00001658       0x24 .\CortexM0\ARM_GCC_541\Debug\Sensored BLDC Motor Control.a(IDAC_Iref.o)
                0x00001658                IDAC_Iref_Start
 .text.IDAC_Iref_SetValue
                0x0000167c       0x44 .\CortexM0\ARM_GCC_541\Debug\Sensored BLDC Motor Control.a(IDAC_Iref.o)
                0x0000167c                IDAC_Iref_SetValue
 .text.LPComp_OC_Start
                0x000016c0       0x24 .\CortexM0\ARM_GCC_541\Debug\Sensored BLDC Motor Control.a(LPComp_OC.o)
                0x000016c0                LPComp_OC_Start
 .text.LPComp_OC_Init
                0x000016e4       0x38 .\CortexM0\ARM_GCC_541\Debug\Sensored BLDC Motor Control.a(LPComp_OC.o)
                0x000016e4                LPComp_OC_Init
 .text.LPComp_OC_Enable
                0x0000171c       0x44 .\CortexM0\ARM_GCC_541\Debug\Sensored BLDC Motor Control.a(LPComp_OC.o)
                0x0000171c                LPComp_OC_Enable
 .text.LPComp_OC_ClearInterrupt
                0x00001760       0x1c .\CortexM0\ARM_GCC_541\Debug\Sensored BLDC Motor Control.a(LPComp_OC.o)
                0x00001760                LPComp_OC_ClearInterrupt
 .text.isr_oc_Start
                0x0000177c       0x24 .\CortexM0\ARM_GCC_541\Debug\Sensored BLDC Motor Control.a(isr_oc.o)
                0x0000177c                isr_oc_Start
 .text.isr_oc_StartEx
                0x000017a0       0x28 .\CortexM0\ARM_GCC_541\Debug\Sensored BLDC Motor Control.a(isr_oc.o)
                0x000017a0                isr_oc_StartEx
 .text.isr_oc_Interrupt
                0x000017c8        0xc .\CortexM0\ARM_GCC_541\Debug\Sensored BLDC Motor Control.a(isr_oc.o)
                0x000017c8                isr_oc_Interrupt
 .text.isr_oc_SetVector
                0x000017d4       0x1c .\CortexM0\ARM_GCC_541\Debug\Sensored BLDC Motor Control.a(isr_oc.o)
                0x000017d4                isr_oc_SetVector
 .text.isr_oc_SetPriority
                0x000017f0       0x50 .\CortexM0\ARM_GCC_541\Debug\Sensored BLDC Motor Control.a(isr_oc.o)
                0x000017f0                isr_oc_SetPriority
 .text.isr_oc_Enable
                0x00001840       0x14 .\CortexM0\ARM_GCC_541\Debug\Sensored BLDC Motor Control.a(isr_oc.o)
                0x00001840                isr_oc_Enable
 .text.isr_oc_Disable
                0x00001854       0x14 .\CortexM0\ARM_GCC_541\Debug\Sensored BLDC Motor Control.a(isr_oc.o)
                0x00001854                isr_oc_Disable
 .text.isr_oc_ClearPending
                0x00001868       0x14 .\CortexM0\ARM_GCC_541\Debug\Sensored BLDC Motor Control.a(isr_oc.o)
                0x00001868                isr_oc_ClearPending
 .text.Counter_Spd_Init
                0x0000187c       0x3c .\CortexM0\ARM_GCC_541\Debug\Sensored BLDC Motor Control.a(Counter_Spd.o)
                0x0000187c                Counter_Spd_Init
 .text.Counter_Spd_Enable
                0x000018b8       0x3c .\CortexM0\ARM_GCC_541\Debug\Sensored BLDC Motor Control.a(Counter_Spd.o)
                0x000018b8                Counter_Spd_Enable
 .text.Counter_Spd_Start
                0x000018f4       0x24 .\CortexM0\ARM_GCC_541\Debug\Sensored BLDC Motor Control.a(Counter_Spd.o)
                0x000018f4                Counter_Spd_Start
 .text.Counter_Spd_WriteCounter
                0x00001918       0x20 .\CortexM0\ARM_GCC_541\Debug\Sensored BLDC Motor Control.a(Counter_Spd.o)
                0x00001918                Counter_Spd_WriteCounter
 .text.Counter_Spd_WritePeriod
                0x00001938       0x20 .\CortexM0\ARM_GCC_541\Debug\Sensored BLDC Motor Control.a(Counter_Spd.o)
                0x00001938                Counter_Spd_WritePeriod
 .text.Counter_Spd_ReadCapture
                0x00001958       0x18 .\CortexM0\ARM_GCC_541\Debug\Sensored BLDC Motor Control.a(Counter_Spd.o)
                0x00001958                Counter_Spd_ReadCapture
 .text.Counter_Spd_TriggerCommand
                0x00001970       0x3c .\CortexM0\ARM_GCC_541\Debug\Sensored BLDC Motor Control.a(Counter_Spd.o)
                0x00001970                Counter_Spd_TriggerCommand
 .text.Counter_Spd_SetInterruptMode
                0x000019ac       0x1c .\CortexM0\ARM_GCC_541\Debug\Sensored BLDC Motor Control.a(Counter_Spd.o)
                0x000019ac                Counter_Spd_SetInterruptMode
 .text.Counter_Spd_ClearInterrupt
                0x000019c8       0x1c .\CortexM0\ARM_GCC_541\Debug\Sensored BLDC Motor Control.a(Counter_Spd.o)
                0x000019c8                Counter_Spd_ClearInterrupt
 .text.CySysClkWriteImoFreq
                0x000019e4      0x1e4 .\CortexM0\ARM_GCC_541\Debug\Sensored BLDC Motor Control.a(CyLib.o)
                0x000019e4                CySysClkWriteImoFreq
 .text.CyIntSetVector
                0x00001bc8       0x4c .\CortexM0\ARM_GCC_541\Debug\Sensored BLDC Motor Control.a(CyLib.o)
                0x00001bc8                CyIntSetVector
 .text.CyIntSetPriority
                0x00001c14       0xa8 .\CortexM0\ARM_GCC_541\Debug\Sensored BLDC Motor Control.a(CyLib.o)
                0x00001c14                CyIntSetPriority
 .text.CyHalt   0x00001cbc       0x18 .\CortexM0\ARM_GCC_541\Debug\Sensored BLDC Motor Control.a(CyLib.o)
                0x00001cbc                CyHalt
 .text.CyDelay  0x00001cd4       0x4c .\CortexM0\ARM_GCC_541\Debug\Sensored BLDC Motor Control.a(CyLib.o)
                0x00001cd4                CyDelay
 .text.CyDelayUs
                0x00001d20       0x28 .\CortexM0\ARM_GCC_541\Debug\Sensored BLDC Motor Control.a(CyLib.o)
                0x00001d20                CyDelayUs
 .text          0x00001d48       0x24 .\CortexM0\ARM_GCC_541\Debug\Sensored BLDC Motor Control.a(CyBootAsmGnu.o)
                0x00001d48                CyDelayCycles
                0x00001d5c                CyEnterCriticalSection
                0x00001d64                CyExitCriticalSection
 .text          0x00001d6c      0x114 c:/program files (x86)/cypress/psoc creator/4.2/psoc creator/import/gnu/arm/5.4.1/bin/../lib/gcc/arm-none-eabi/5.4.1/armv6-m\libgcc.a(_udivsi3.o)
                0x00001d6c                __aeabi_uidiv
                0x00001d6c                __udivsi3
                0x00001e78                __aeabi_uidivmod
 .text          0x00001e80      0x1d4 c:/program files (x86)/cypress/psoc creator/4.2/psoc creator/import/gnu/arm/5.4.1/bin/../lib/gcc/arm-none-eabi/5.4.1/armv6-m\libgcc.a(_divsi3.o)
                0x00001e80                __divsi3
                0x00001e80                __aeabi_idiv
                0x0000204c                __aeabi_idivmod
 .text          0x00002054        0x4 c:/program files (x86)/cypress/psoc creator/4.2/psoc creator/import/gnu/arm/5.4.1/bin/../lib/gcc/arm-none-eabi/5.4.1/armv6-m\libgcc.a(_dvmd_tls.o)
                0x00002054                __aeabi_idiv0
                0x00002054                __aeabi_ldiv0
 .text.__errno  0x00002058        0xc c:/program files (x86)/cypress/psoc creator/4.2/psoc creator/import/gnu/arm/5.4.1/bin/../lib/gcc/arm-none-eabi/5.4.1/../../../../arm-none-eabi/lib/armv6-m\libg_nano.a(lib_a-errno.o)
                0x00002058                __errno
 .text.__libc_init_array
                0x00002064       0x4c c:/program files (x86)/cypress/psoc creator/4.2/psoc creator/import/gnu/arm/5.4.1/bin/../lib/gcc/arm-none-eabi/5.4.1/../../../../arm-none-eabi/lib/armv6-m\libg_nano.a(lib_a-init.o)
                0x00002064                __libc_init_array
 .text.memset   0x000020b0       0x10 c:/program files (x86)/cypress/psoc creator/4.2/psoc creator/import/gnu/arm/5.4.1/bin/../lib/gcc/arm-none-eabi/5.4.1/../../../../arm-none-eabi/lib/armv6-m\libg_nano.a(lib_a-memset.o)
                0x000020b0                memset
 *(.plt)
 *(.gnu.warning)
 *(.glue_7t)
 .glue_7t       0x000020c0        0x0 linker stubs
 *(.glue_7)
 .glue_7        0x000020c0        0x0 linker stubs
 *(.vfp11_veneer)
 .vfp11_veneer  0x000020c0        0x0 linker stubs
 *(.bootloader)
 *(.ARM.extab* .gnu.linkonce.armextab.*)
 *(.gcc_except_table)

.v4_bx          0x000020c0        0x0
 .v4_bx         0x000020c0        0x0 linker stubs

.iplt           0x000020c0        0x0
 .iplt          0x000020c0        0x0 c:/program files (x86)/cypress/psoc creator/4.2/psoc creator/import/gnu/arm/5.4.1/bin/../lib/gcc/arm-none-eabi/5.4.1/armv6-m/crtbegin.o

.eh_frame_hdr
 *(.eh_frame_hdr)

.eh_frame       0x000020c0        0x4
 *(.eh_frame)
 .eh_frame      0x000020c0        0x0 c:/program files (x86)/cypress/psoc creator/4.2/psoc creator/import/gnu/arm/5.4.1/bin/../lib/gcc/arm-none-eabi/5.4.1/armv6-m/crtbegin.o
 .eh_frame      0x000020c0        0x4 c:/program files (x86)/cypress/psoc creator/4.2/psoc creator/import/gnu/arm/5.4.1/bin/../lib/gcc/arm-none-eabi/5.4.1/armv6-m/crtend.o
                [!provide]                PROVIDE (__exidx_start, .)

.ARM.exidx
 *(.ARM.exidx* .gnu.linkonce.armexidx.*)
                0x000020c4                __exidx_end = .

.rodata         0x000020c4      0x22c
 *(.rodata .rodata.* .gnu.linkonce.r.*)
 .rodata        0x000020c4      0x1bc .\CortexM0\ARM_GCC_541\Debug\cyfitter_cfg.o
 .rodata        0x00002280        0xa .\CortexM0\ARM_GCC_541\Debug\Sensored BLDC Motor Control.a(ADC_SAR_Seq_1.o)
 *fill*         0x0000228a        0x2 
 .rodata        0x0000228c       0x2e .\CortexM0\ARM_GCC_541\Debug\Sensored BLDC Motor Control.a(CyLib.o)
                0x0000228c                cyImoFreqMhz2Reg
 .rodata.str1.1
                0x000022ba        0x2 c:/program files (x86)/cypress/psoc creator/4.2/psoc creator/import/gnu/arm/5.4.1/bin/../lib/gcc/arm-none-eabi/5.4.1/../../../../arm-none-eabi/lib/armv6-m\libg_nano.a(lib_a-impure.o)
                0x000022bc                . = ALIGN (0x4)
 *(.init)
 .init          0x000022bc        0x4 c:/program files (x86)/cypress/psoc creator/4.2/psoc creator/import/gnu/arm/5.4.1/bin/../lib/gcc/arm-none-eabi/5.4.1/armv6-m/crti.o
                0x000022bc                _init
 .init          0x000022c0        0x8 c:/program files (x86)/cypress/psoc creator/4.2/psoc creator/import/gnu/arm/5.4.1/bin/../lib/gcc/arm-none-eabi/5.4.1/armv6-m/crtn.o
                0x000022c8                . = ALIGN (0x4)
                0x000022c8                __preinit_array_start = .
 *(.preinit_array)
                0x000022c8                __preinit_array_end = .
                0x000022c8                . = ALIGN (0x4)
                0x000022c8                __init_array_start = .
 *(SORT(.init_array.*))
 *(.init_array)
 .init_array    0x000022c8        0x4 c:/program files (x86)/cypress/psoc creator/4.2/psoc creator/import/gnu/arm/5.4.1/bin/../lib/gcc/arm-none-eabi/5.4.1/armv6-m/crtbegin.o
 .init_array    0x000022cc        0x4 .\CortexM0\ARM_GCC_541\Debug\Cm0Start.o
                0x000022d0                __init_array_end = .
                0x000022d0                . = ALIGN (0x4)
 *(.fini)
 .fini          0x000022d0        0x4 c:/program files (x86)/cypress/psoc creator/4.2/psoc creator/import/gnu/arm/5.4.1/bin/../lib/gcc/arm-none-eabi/5.4.1/armv6-m/crti.o
                0x000022d0                _fini
 .fini          0x000022d4        0x8 c:/program files (x86)/cypress/psoc creator/4.2/psoc creator/import/gnu/arm/5.4.1/bin/../lib/gcc/arm-none-eabi/5.4.1/armv6-m/crtn.o
                0x000022dc                . = ALIGN (0x4)
                0x000022dc                __fini_array_start = .
 *(.fini_array)
 .fini_array    0x000022dc        0x4 c:/program files (x86)/cypress/psoc creator/4.2/psoc creator/import/gnu/arm/5.4.1/bin/../lib/gcc/arm-none-eabi/5.4.1/armv6-m/crtbegin.o
 *(SORT(.fini_array.*))
                0x000022e0                __fini_array_end = .
                0x000022e0                . = ALIGN (0x4)
 *crtbegin.o(.ctors)
 *(EXCLUDE_FILE(*crtend.o) .ctors)
 *(SORT(.ctors.*))
 *crtend.o(.ctors)
                0x000022e0                . = ALIGN (0x4)
 *crtbegin.o(.dtors)
 *(EXCLUDE_FILE(*crtend.o) .dtors)
 *(SORT(.dtors.*))
 *crtend.o(.dtors)
                0x000022e0                . = ALIGN (0x4)
                0x000022e0                __cy_regions = .
                0x000022e0        0x4 LONG 0x22f0 __cy_region_init_ram
                0x000022e4        0x4 LONG 0x200000c8 __cy_region_start_data
                0x000022e8        0x4 LONG 0x88 __cy_region_init_size_ram
                0x000022ec        0x4 LONG 0x98 __cy_region_zero_size_ram
                0x000022f0                __cy_regions_end = .
                0x000022f0                . = ALIGN (0x8)
                0x000022f0                _etext = .

.cy_checksum_exclude
                0x000022f0        0x0
 *(.cy_checksum_exclude)

.ramvectors     0x20000000       0xc0
                0x20000000                __cy_region_start_ram = .
 *(.ramvectors)
 .ramvectors    0x20000000       0xc0 .\CortexM0\ARM_GCC_541\Debug\Cm0Start.o
                0x20000000                CyRamVectors

.noinit         0x200000c0        0x4
 *(.noinit)
 .noinit        0x200000c0        0x4 .\CortexM0\ARM_GCC_541\Debug\Cm0Start.o

.data           0x200000c8       0x88 load address 0x000022f0
                0x200000c8                __cy_region_start_data = .
 *(.jcr)
 .jcr           0x200000c8        0x0 c:/program files (x86)/cypress/psoc creator/4.2/psoc creator/import/gnu/arm/5.4.1/bin/../lib/gcc/arm-none-eabi/5.4.1/armv6-m/crtbegin.o
 .jcr           0x200000c8        0x4 c:/program files (x86)/cypress/psoc creator/4.2/psoc creator/import/gnu/arm/5.4.1/bin/../lib/gcc/arm-none-eabi/5.4.1/armv6-m/crtend.o
 *(.got.plt)
 *(.got)
 *(.shdata)
 *(.data .data.* .gnu.linkonce.d.*)
 .data          0x200000cc        0x4 .\CortexM0\ARM_GCC_541\Debug\speedloop.o
                0x200000cc                piOut
 .data          0x200000d0        0x8 .\CortexM0\ARM_GCC_541\Debug\motor.o
                0x200000d0                gearRatio
                0x200000d2                speedCur
                0x200000d4                preCntCaptur
                0x200000d6                firstRun
                0x200000d7                stateSys
 .data          0x200000d8       0x14 .\CortexM0\ARM_GCC_541\Debug\Sensored BLDC Motor Control.a(CyLib.o)
                0x200000d8                cydelayFreqHz
                0x200000dc                cydelayFreqKhz
                0x200000e0                cydelayFreqMhz
                0x200000e4                cydelay32kMs
                0x200000e8                CySysClkPumpConfig
 .data.impure_data
                0x200000ec       0x60 c:/program files (x86)/cypress/psoc creator/4.2/psoc creator/import/gnu/arm/5.4.1/bin/../lib/gcc/arm-none-eabi/5.4.1/../../../../arm-none-eabi/lib/armv6-m\libg_nano.a(lib_a-impure.o)
 .data._impure_ptr
                0x2000014c        0x4 c:/program files (x86)/cypress/psoc creator/4.2/psoc creator/import/gnu/arm/5.4.1/bin/../lib/gcc/arm-none-eabi/5.4.1/../../../../arm-none-eabi/lib/armv6-m\libg_nano.a(lib_a-impure.o)
                0x2000014c                _impure_ptr
                0x20000150                . = ALIGN (0x8)
 *(.ram)
                0x20000150                _edata = .

.igot.plt       0x20000150        0x0 load address 0x00002378
 .igot.plt      0x20000150        0x0 c:/program files (x86)/cypress/psoc creator/4.2/psoc creator/import/gnu/arm/5.4.1/bin/../lib/gcc/arm-none-eabi/5.4.1/armv6-m/crtbegin.o

.bss            0x20000150       0x98 load address 0x00002378
                0x20000150                PROVIDE (__bss_start__, .)
 *(.shbss)
 *(.bss .bss.* .gnu.linkonce.b.*)
 .bss           0x20000150       0x1c c:/program files (x86)/cypress/psoc creator/4.2/psoc creator/import/gnu/arm/5.4.1/bin/../lib/gcc/arm-none-eabi/5.4.1/armv6-m/crtbegin.o
 .bss           0x2000016c        0x4 .\CortexM0\ARM_GCC_541\Debug\getvalue.o
 .bss           0x20000170        0x2 .\CortexM0\ARM_GCC_541\Debug\speedloop.o
 *fill*         0x20000172        0x2 
 .bss           0x20000174       0x24 .\CortexM0\ARM_GCC_541\Debug\userinterface.o
 .bss           0x20000198        0xa .\CortexM0\ARM_GCC_541\Debug\motor.o
                0x20000198                speedRef
                0x2000019a                preSpeedCur
                0x2000019c                dutyCycle
                0x2000019e                pwmCnt
                0x200001a0                ocBlankCnt
                0x200001a1                errorState
 .bss           0x200001a2        0x1 .\CortexM0\ARM_GCC_541\Debug\Sensored BLDC Motor Control.a(PWM_Drive.o)
                0x200001a2                PWM_Drive_initVar
 *fill*         0x200001a3        0x1 
 .bss           0x200001a4        0x4 .\CortexM0\ARM_GCC_541\Debug\Sensored BLDC Motor Control.a(UART_BCP.o)
                0x200001a4                UART_BCP_initVar
                0x200001a6                UART_BCP_IntrTxMask
 .bss           0x200001a8        0x1 .\CortexM0\ARM_GCC_541\Debug\Sensored BLDC Motor Control.a(ADC_SAR_Seq_1.o)
                0x200001a8                ADC_SAR_Seq_1_initVar
 *fill*         0x200001a9        0x3 
 .bss           0x200001ac        0x4 .\CortexM0\ARM_GCC_541\Debug\Sensored BLDC Motor Control.a(IDAC_Iref.o)
                0x200001ac                IDAC_Iref_initVar
 .bss           0x200001b0        0x8 .\CortexM0\ARM_GCC_541\Debug\Sensored BLDC Motor Control.a(LPComp_OC.o)
                0x200001b0                LPComp_OC_initVar
 .bss           0x200001b8        0x1 .\CortexM0\ARM_GCC_541\Debug\Sensored BLDC Motor Control.a(Counter_Spd.o)
                0x200001b8                Counter_Spd_initVar
 *(COMMON)
 *fill*         0x200001b9        0x3 
 COMMON         0x200001bc        0x1 .\CortexM0\ARM_GCC_541\Debug\userinterface.o
                0x200001bc                btnStatus
 *fill*         0x200001bd        0x3 
 COMMON         0x200001c0       0x16 .\CortexM0\ARM_GCC_541\Debug\motor.o
                0x200001c0                UI_Cmd
                0x200001c4                UI_Data
 *fill*         0x200001d6        0x2 
 COMMON         0x200001d8        0xc .\CortexM0\ARM_GCC_541\Debug\Sensored BLDC Motor Control.a(ADC_SAR_Seq_1.o)
                0x200001d8                ADC_SAR_Seq_1_offset
                0x200001dc                ADC_SAR_Seq_1_countsPer10Volt
                0x200001e8                . = ALIGN (0x8)
 *fill*         0x200001e4        0x4 
 *(.ram.b)
                0x200001e8                _end = .
                0x200001e8                __end = .
                0x200001e8                PROVIDE (end, .)
                0x200001e8                PROVIDE (__bss_end__, .)
                0x000022f0                __cy_region_init_ram = LOADADDR (.data)
                0x00000088                __cy_region_init_size_ram = (_edata - ADDR (.data))
                0x00000098                __cy_region_zero_size_ram = (_end - _edata)

.heap           0x200001e8      0x100 load address 0x00002378
                0x200001e8                . = _end
                0x200002e8                . = (. + 0x100)
 *fill*         0x200001e8      0x100 
                0x200002e8                __cy_heap_limit = .

.stack          0x20000c00      0x400
                0x20000c00                __cy_stack_limit = .
                0x20001000                . = (. + 0x400)
 *fill*         0x20000c00      0x400 
                0x00000001                ASSERT ((__cy_stack_limit >= __cy_heap_limit), region RAM overflowed with stack)
                0x00000000                cy_checksum_exclude_size = (CY_APPL_LOADABLE == 0x1)?SIZEOF (.cy_checksum_exclude):0x0
                0x00000001                ASSERT ((cy_checksum_exclude_size <= CY_CHECKSUM_EXCLUDE_SIZE), CY_BOOT: Section .cy_checksum_exclude size exceedes specified limit.)
                0x00007fc0                cyloadermeta_start = (cy_project_type_bootloader || cy_project_type_app_for_stack_and_copier)?(LENGTH (rom) - CY_METADATA_SIZE):0xf0000000

.cyloadermeta
 *(.cyloadermeta)
                0x00007fc0                cyloadablemeta_start = cy_project_type_app_for_stack_and_copier?((LENGTH (rom) - CY_FLASH_ROW_SIZE) - CY_METADATA_SIZE):((LENGTH (rom) - (CY_FLASH_ROW_SIZE * (CY_APPL_NUM - 0x1))) - CY_METADATA_SIZE)

.cyloadablemeta
 *(.cyloadablemeta)

.cyflashprotect
                0x90400000       0x20
 *(.cyflashprotect)
 .cyflashprotect
                0x90400000       0x20 .\CortexM0\ARM_GCC_541\Debug\cymetadata.o
                0x90400000                cy_meta_flashprotect

.cymeta         0x90500000        0xc
 *(.cymeta)
 .cymeta        0x90500000        0xc .\CortexM0\ARM_GCC_541\Debug\cymetadata.o
                0x90500000                cy_metadata

.cychipprotect  0x90600000        0x1
 *(.cychipprotect)
 .cychipprotect
                0x90600000        0x1 .\CortexM0\ARM_GCC_541\Debug\cymetadata.o
                0x90600000                cy_meta_chipprotect

.rel.dyn        0x00002378        0x0 load address 0x90600004
 .rel.iplt      0x00002378        0x0 c:/program files (x86)/cypress/psoc creator/4.2/psoc creator/import/gnu/arm/5.4.1/bin/../lib/gcc/arm-none-eabi/5.4.1/armv6-m/crtbegin.o

.stab
 *(.stab)

.stabstr
 *(.stabstr)

.debug
 *(.debug)

.line
 *(.line)

.debug_srcinfo
 *(.debug_srcinfo)

.debug_sfnames
 *(.debug_sfnames)

.debug_aranges  0x00000000      0xb60
 *(.debug_aranges)
 .debug_aranges
                0x00000000       0x20 .\CortexM0\ARM_GCC_541\Debug\main.o
 .debug_aranges
                0x00000020       0x28 .\CortexM0\ARM_GCC_541\Debug\getvalue.o
 .debug_aranges
                0x00000048       0x20 .\CortexM0\ARM_GCC_541\Debug\speedloop.o
 .debug_aranges
                0x00000068       0x48 .\CortexM0\ARM_GCC_541\Debug\userinterface.o
 .debug_aranges
                0x000000b0       0x48 .\CortexM0\ARM_GCC_541\Debug\motor.o
 .debug_aranges
                0x000000f8       0x58 .\CortexM0\ARM_GCC_541\Debug\cyfitter_cfg.o
 .debug_aranges
                0x00000150       0x18 .\CortexM0\ARM_GCC_541\Debug\cymetadata.o
 .debug_aranges
                0x00000168       0x48 .\CortexM0\ARM_GCC_541\Debug\Cm0Start.o
 .debug_aranges
                0x000001b0       0x80 .\CortexM0\ARM_GCC_541\Debug\Sensored BLDC Motor Control.a(isr_spd.o)
 .debug_aranges
                0x00000230       0x40 .\CortexM0\ARM_GCC_541\Debug\Sensored BLDC Motor Control.a(Hall_Error.o)
 .debug_aranges
                0x00000270      0x158 .\CortexM0\ARM_GCC_541\Debug\Sensored BLDC Motor Control.a(PWM_Drive.o)
 .debug_aranges
                0x000003c8       0x80 .\CortexM0\ARM_GCC_541\Debug\Sensored BLDC Motor Control.a(isr_pwm.o)
 .debug_aranges
                0x00000448       0x28 .\CortexM0\ARM_GCC_541\Debug\Sensored BLDC Motor Control.a(CtrlReg_Dir.o)
 .debug_aranges
                0x00000470       0x28 .\CortexM0\ARM_GCC_541\Debug\Sensored BLDC Motor Control.a(CtrlReg_PWMOut.o)
 .debug_aranges
                0x00000498       0x48 .\CortexM0\ARM_GCC_541\Debug\Sensored BLDC Motor Control.a(STATUS_LED.o)
 .debug_aranges
                0x000004e0       0x68 .\CortexM0\ARM_GCC_541\Debug\Sensored BLDC Motor Control.a(UART_BCP.o)
 .debug_aranges
                0x00000548       0x60 .\CortexM0\ARM_GCC_541\Debug\Sensored BLDC Motor Control.a(UART_BCP_SPI_UART.o)
 .debug_aranges
                0x000005a8       0x68 .\CortexM0\ARM_GCC_541\Debug\Sensored BLDC Motor Control.a(UART_BCP_UART.o)
 .debug_aranges
                0x00000610       0x48 .\CortexM0\ARM_GCC_541\Debug\Sensored BLDC Motor Control.a(SW2.o)
 .debug_aranges
                0x00000658       0xa8 .\CortexM0\ARM_GCC_541\Debug\Sensored BLDC Motor Control.a(ADC_SAR_Seq_1.o)
 .debug_aranges
                0x00000700       0x20 .\CortexM0\ARM_GCC_541\Debug\Sensored BLDC Motor Control.a(ADC_SAR_Seq_1_INT.o)
 .debug_aranges
                0x00000720       0x40 .\CortexM0\ARM_GCC_541\Debug\Sensored BLDC Motor Control.a(IDAC_Iref.o)
 .debug_aranges
                0x00000760       0x88 .\CortexM0\ARM_GCC_541\Debug\Sensored BLDC Motor Control.a(LPComp_OC.o)
 .debug_aranges
                0x000007e8       0x80 .\CortexM0\ARM_GCC_541\Debug\Sensored BLDC Motor Control.a(isr_oc.o)
 .debug_aranges
                0x00000868      0x158 .\CortexM0\ARM_GCC_541\Debug\Sensored BLDC Motor Control.a(Counter_Spd.o)
 .debug_aranges
                0x000009c0      0x180 .\CortexM0\ARM_GCC_541\Debug\Sensored BLDC Motor Control.a(CyLib.o)
 .debug_aranges
                0x00000b40       0x20 .\CortexM0\ARM_GCC_541\Debug\Sensored BLDC Motor Control.a(CyBootAsmGnu.o)

.debug_pubnames
 *(.debug_pubnames)

.debug_info     0x00000000     0x4955
 *(.debug_info .gnu.linkonce.wi.*)
 .debug_info    0x00000000      0x240 .\CortexM0\ARM_GCC_541\Debug\main.o
 .debug_info    0x00000240      0x217 .\CortexM0\ARM_GCC_541\Debug\getvalue.o
 .debug_info    0x00000457      0x1f1 .\CortexM0\ARM_GCC_541\Debug\speedloop.o
 .debug_info    0x00000648      0x2e4 .\CortexM0\ARM_GCC_541\Debug\userinterface.o
 .debug_info    0x0000092c      0x2ed .\CortexM0\ARM_GCC_541\Debug\motor.o
 .debug_info    0x00000c19      0x3a4 .\CortexM0\ARM_GCC_541\Debug\cyfitter_cfg.o
 .debug_info    0x00000fbd       0xf8 .\CortexM0\ARM_GCC_541\Debug\cymetadata.o
 .debug_info    0x000010b5      0x312 .\CortexM0\ARM_GCC_541\Debug\Cm0Start.o
 .debug_info    0x000013c7      0x24d .\CortexM0\ARM_GCC_541\Debug\Sensored BLDC Motor Control.a(isr_spd.o)
 .debug_info    0x00001614      0x142 .\CortexM0\ARM_GCC_541\Debug\Sensored BLDC Motor Control.a(Hall_Error.o)
 .debug_info    0x00001756      0x6fb .\CortexM0\ARM_GCC_541\Debug\Sensored BLDC Motor Control.a(PWM_Drive.o)
 .debug_info    0x00001e51      0x24d .\CortexM0\ARM_GCC_541\Debug\Sensored BLDC Motor Control.a(isr_pwm.o)
 .debug_info    0x0000209e       0xd7 .\CortexM0\ARM_GCC_541\Debug\Sensored BLDC Motor Control.a(CtrlReg_Dir.o)
 .debug_info    0x00002175       0xd7 .\CortexM0\ARM_GCC_541\Debug\Sensored BLDC Motor Control.a(CtrlReg_PWMOut.o)
 .debug_info    0x0000224c      0x19a .\CortexM0\ARM_GCC_541\Debug\Sensored BLDC Motor Control.a(STATUS_LED.o)
 .debug_info    0x000023e6      0x1dc .\CortexM0\ARM_GCC_541\Debug\Sensored BLDC Motor Control.a(UART_BCP.o)
 .debug_info    0x000025c2      0x218 .\CortexM0\ARM_GCC_541\Debug\Sensored BLDC Motor Control.a(UART_BCP_SPI_UART.o)
 .debug_info    0x000027da      0x27b .\CortexM0\ARM_GCC_541\Debug\Sensored BLDC Motor Control.a(UART_BCP_UART.o)
 .debug_info    0x00002a55      0x19a .\CortexM0\ARM_GCC_541\Debug\Sensored BLDC Motor Control.a(SW2.o)
 .debug_info    0x00002bef      0x4bc .\CortexM0\ARM_GCC_541\Debug\Sensored BLDC Motor Control.a(ADC_SAR_Seq_1.o)
 .debug_info    0x000030ab       0xcc .\CortexM0\ARM_GCC_541\Debug\Sensored BLDC Motor Control.a(ADC_SAR_Seq_1_INT.o)
 .debug_info    0x00003177      0x1a5 .\CortexM0\ARM_GCC_541\Debug\Sensored BLDC Motor Control.a(IDAC_Iref.o)
 .debug_info    0x0000331c      0x325 .\CortexM0\ARM_GCC_541\Debug\Sensored BLDC Motor Control.a(LPComp_OC.o)
 .debug_info    0x00003641      0x24d .\CortexM0\ARM_GCC_541\Debug\Sensored BLDC Motor Control.a(isr_oc.o)
 .debug_info    0x0000388e      0x6fb .\CortexM0\ARM_GCC_541\Debug\Sensored BLDC Motor Control.a(Counter_Spd.o)
 .debug_info    0x00003f89      0x8e0 .\CortexM0\ARM_GCC_541\Debug\Sensored BLDC Motor Control.a(CyLib.o)
 .debug_info    0x00004869       0xec .\CortexM0\ARM_GCC_541\Debug\Sensored BLDC Motor Control.a(CyBootAsmGnu.o)

.debug_abbrev   0x00000000     0x1a39
 *(.debug_abbrev)
 .debug_abbrev  0x00000000       0xcc .\CortexM0\ARM_GCC_541\Debug\main.o
 .debug_abbrev  0x000000cc       0xdf .\CortexM0\ARM_GCC_541\Debug\getvalue.o
 .debug_abbrev  0x000001ab       0xc9 .\CortexM0\ARM_GCC_541\Debug\speedloop.o
 .debug_abbrev  0x00000274      0x14c .\CortexM0\ARM_GCC_541\Debug\userinterface.o
 .debug_abbrev  0x000003c0       0xf3 .\CortexM0\ARM_GCC_541\Debug\motor.o
 .debug_abbrev  0x000004b3      0x1b3 .\CortexM0\ARM_GCC_541\Debug\cyfitter_cfg.o
 .debug_abbrev  0x00000666       0x5d .\CortexM0\ARM_GCC_541\Debug\cymetadata.o
 .debug_abbrev  0x000006c3      0x1c8 .\CortexM0\ARM_GCC_541\Debug\Cm0Start.o
 .debug_abbrev  0x0000088b      0x16a .\CortexM0\ARM_GCC_541\Debug\Sensored BLDC Motor Control.a(isr_spd.o)
 .debug_abbrev  0x000009f5       0xaa .\CortexM0\ARM_GCC_541\Debug\Sensored BLDC Motor Control.a(Hall_Error.o)
 .debug_abbrev  0x00000a9f       0xfc .\CortexM0\ARM_GCC_541\Debug\Sensored BLDC Motor Control.a(PWM_Drive.o)
 .debug_abbrev  0x00000b9b      0x16a .\CortexM0\ARM_GCC_541\Debug\Sensored BLDC Motor Control.a(isr_pwm.o)
 .debug_abbrev  0x00000d05       0x81 .\CortexM0\ARM_GCC_541\Debug\Sensored BLDC Motor Control.a(CtrlReg_Dir.o)
 .debug_abbrev  0x00000d86       0x81 .\CortexM0\ARM_GCC_541\Debug\Sensored BLDC Motor Control.a(CtrlReg_PWMOut.o)
 .debug_abbrev  0x00000e07       0xaa .\CortexM0\ARM_GCC_541\Debug\Sensored BLDC Motor Control.a(STATUS_LED.o)
 .debug_abbrev  0x00000eb1       0xe3 .\CortexM0\ARM_GCC_541\Debug\Sensored BLDC Motor Control.a(UART_BCP.o)
 .debug_abbrev  0x00000f94      0x140 .\CortexM0\ARM_GCC_541\Debug\Sensored BLDC Motor Control.a(UART_BCP_SPI_UART.o)
 .debug_abbrev  0x000010d4       0xfd .\CortexM0\ARM_GCC_541\Debug\Sensored BLDC Motor Control.a(UART_BCP_UART.o)
 .debug_abbrev  0x000011d1       0xaa .\CortexM0\ARM_GCC_541\Debug\Sensored BLDC Motor Control.a(SW2.o)
 .debug_abbrev  0x0000127b      0x163 .\CortexM0\ARM_GCC_541\Debug\Sensored BLDC Motor Control.a(ADC_SAR_Seq_1.o)
 .debug_abbrev  0x000013de       0x65 .\CortexM0\ARM_GCC_541\Debug\Sensored BLDC Motor Control.a(ADC_SAR_Seq_1_INT.o)
 .debug_abbrev  0x00001443       0x9f .\CortexM0\ARM_GCC_541\Debug\Sensored BLDC Motor Control.a(IDAC_Iref.o)
 .debug_abbrev  0x000014e2      0x136 .\CortexM0\ARM_GCC_541\Debug\Sensored BLDC Motor Control.a(LPComp_OC.o)
 .debug_abbrev  0x00001618      0x16a .\CortexM0\ARM_GCC_541\Debug\Sensored BLDC Motor Control.a(isr_oc.o)
 .debug_abbrev  0x00001782       0xfc .\CortexM0\ARM_GCC_541\Debug\Sensored BLDC Motor Control.a(Counter_Spd.o)
 .debug_abbrev  0x0000187e      0x1a7 .\CortexM0\ARM_GCC_541\Debug\Sensored BLDC Motor Control.a(CyLib.o)
 .debug_abbrev  0x00001a25       0x14 .\CortexM0\ARM_GCC_541\Debug\Sensored BLDC Motor Control.a(CyBootAsmGnu.o)

.debug_line     0x00000000     0x249a
 *(.debug_line)
 .debug_line    0x00000000       0xa5 .\CortexM0\ARM_GCC_541\Debug\main.o
 .debug_line    0x000000a5       0x9b .\CortexM0\ARM_GCC_541\Debug\getvalue.o
 .debug_line    0x00000140       0x7d .\CortexM0\ARM_GCC_541\Debug\speedloop.o
 .debug_line    0x000001bd      0x12d .\CortexM0\ARM_GCC_541\Debug\userinterface.o
 .debug_line    0x000002ea       0xee .\CortexM0\ARM_GCC_541\Debug\motor.o
 .debug_line    0x000003d8      0x1c6 .\CortexM0\ARM_GCC_541\Debug\cyfitter_cfg.o
 .debug_line    0x0000059e      0x141 .\CortexM0\ARM_GCC_541\Debug\cymetadata.o
 .debug_line    0x000006df      0x1cf .\CortexM0\ARM_GCC_541\Debug\Cm0Start.o
 .debug_line    0x000008ae      0x156 .\CortexM0\ARM_GCC_541\Debug\Sensored BLDC Motor Control.a(isr_spd.o)
 .debug_line    0x00000a04       0xae .\CortexM0\ARM_GCC_541\Debug\Sensored BLDC Motor Control.a(Hall_Error.o)
 .debug_line    0x00000ab2      0x377 .\CortexM0\ARM_GCC_541\Debug\Sensored BLDC Motor Control.a(PWM_Drive.o)
 .debug_line    0x00000e29      0x156 .\CortexM0\ARM_GCC_541\Debug\Sensored BLDC Motor Control.a(isr_pwm.o)
 .debug_line    0x00000f7f       0x74 .\CortexM0\ARM_GCC_541\Debug\Sensored BLDC Motor Control.a(CtrlReg_Dir.o)
 .debug_line    0x00000ff3       0x77 .\CortexM0\ARM_GCC_541\Debug\Sensored BLDC Motor Control.a(CtrlReg_PWMOut.o)
 .debug_line    0x0000106a       0xc2 .\CortexM0\ARM_GCC_541\Debug\Sensored BLDC Motor Control.a(STATUS_LED.o)
 .debug_line    0x0000112c      0x128 .\CortexM0\ARM_GCC_541\Debug\Sensored BLDC Motor Control.a(UART_BCP.o)
 .debug_line    0x00001254      0x127 .\CortexM0\ARM_GCC_541\Debug\Sensored BLDC Motor Control.a(UART_BCP_SPI_UART.o)
 .debug_line    0x0000137b      0x167 .\CortexM0\ARM_GCC_541\Debug\Sensored BLDC Motor Control.a(UART_BCP_UART.o)
 .debug_line    0x000014e2       0xbb .\CortexM0\ARM_GCC_541\Debug\Sensored BLDC Motor Control.a(SW2.o)
 .debug_line    0x0000159d      0x29d .\CortexM0\ARM_GCC_541\Debug\Sensored BLDC Motor Control.a(ADC_SAR_Seq_1.o)
 .debug_line    0x0000183a       0x6c .\CortexM0\ARM_GCC_541\Debug\Sensored BLDC Motor Control.a(ADC_SAR_Seq_1_INT.o)
 .debug_line    0x000018a6       0xbc .\CortexM0\ARM_GCC_541\Debug\Sensored BLDC Motor Control.a(IDAC_Iref.o)
 .debug_line    0x00001962      0x19b .\CortexM0\ARM_GCC_541\Debug\Sensored BLDC Motor Control.a(LPComp_OC.o)
 .debug_line    0x00001afd      0x145 .\CortexM0\ARM_GCC_541\Debug\Sensored BLDC Motor Control.a(isr_oc.o)
 .debug_line    0x00001c42      0x374 .\CortexM0\ARM_GCC_541\Debug\Sensored BLDC Motor Control.a(Counter_Spd.o)
 .debug_line    0x00001fb6      0x47b .\CortexM0\ARM_GCC_541\Debug\Sensored BLDC Motor Control.a(CyLib.o)
 .debug_line    0x00002431       0x69 .\CortexM0\ARM_GCC_541\Debug\Sensored BLDC Motor Control.a(CyBootAsmGnu.o)

.debug_frame    0x00000000     0x2660
 *(.debug_frame)
 .debug_frame   0x00000000       0x34 .\CortexM0\ARM_GCC_541\Debug\main.o
 .debug_frame   0x00000034       0x54 .\CortexM0\ARM_GCC_541\Debug\getvalue.o
 .debug_frame   0x00000088       0x30 .\CortexM0\ARM_GCC_541\Debug\speedloop.o
 .debug_frame   0x000000b8       0xc4 .\CortexM0\ARM_GCC_541\Debug\userinterface.o
 .debug_frame   0x0000017c       0xbc .\CortexM0\ARM_GCC_541\Debug\motor.o
 .debug_frame   0x00000238      0x108 .\CortexM0\ARM_GCC_541\Debug\cyfitter_cfg.o
 .debug_frame   0x00000340       0xc8 .\CortexM0\ARM_GCC_541\Debug\Cm0Start.o
 .debug_frame   0x00000408      0x190 .\CortexM0\ARM_GCC_541\Debug\Sensored BLDC Motor Control.a(isr_spd.o)
 .debug_frame   0x00000598       0xb0 .\CortexM0\ARM_GCC_541\Debug\Sensored BLDC Motor Control.a(Hall_Error.o)
 .debug_frame   0x00000648      0x52c .\CortexM0\ARM_GCC_541\Debug\Sensored BLDC Motor Control.a(PWM_Drive.o)
 .debug_frame   0x00000b74      0x190 .\CortexM0\ARM_GCC_541\Debug\Sensored BLDC Motor Control.a(isr_pwm.o)
 .debug_frame   0x00000d04       0x4c .\CortexM0\ARM_GCC_541\Debug\Sensored BLDC Motor Control.a(CtrlReg_Dir.o)
 .debug_frame   0x00000d50       0x4c .\CortexM0\ARM_GCC_541\Debug\Sensored BLDC Motor Control.a(CtrlReg_PWMOut.o)
 .debug_frame   0x00000d9c       0xc8 .\CortexM0\ARM_GCC_541\Debug\Sensored BLDC Motor Control.a(STATUS_LED.o)
 .debug_frame   0x00000e64      0x130 .\CortexM0\ARM_GCC_541\Debug\Sensored BLDC Motor Control.a(UART_BCP.o)
 .debug_frame   0x00000f94      0x128 .\CortexM0\ARM_GCC_541\Debug\Sensored BLDC Motor Control.a(UART_BCP_SPI_UART.o)
 .debug_frame   0x000010bc      0x144 .\CortexM0\ARM_GCC_541\Debug\Sensored BLDC Motor Control.a(UART_BCP_UART.o)
 .debug_frame   0x00001200       0xc8 .\CortexM0\ARM_GCC_541\Debug\Sensored BLDC Motor Control.a(SW2.o)
 .debug_frame   0x000012c8      0x248 .\CortexM0\ARM_GCC_541\Debug\Sensored BLDC Motor Control.a(ADC_SAR_Seq_1.o)
 .debug_frame   0x00001510       0x30 .\CortexM0\ARM_GCC_541\Debug\Sensored BLDC Motor Control.a(ADC_SAR_Seq_1_INT.o)
 .debug_frame   0x00001540       0xbc .\CortexM0\ARM_GCC_541\Debug\Sensored BLDC Motor Control.a(IDAC_Iref.o)
 .debug_frame   0x000015fc      0x1e4 .\CortexM0\ARM_GCC_541\Debug\Sensored BLDC Motor Control.a(LPComp_OC.o)
 .debug_frame   0x000017e0      0x190 .\CortexM0\ARM_GCC_541\Debug\Sensored BLDC Motor Control.a(isr_oc.o)
 .debug_frame   0x00001970      0x52c .\CortexM0\ARM_GCC_541\Debug\Sensored BLDC Motor Control.a(Counter_Spd.o)
 .debug_frame   0x00001e9c      0x588 .\CortexM0\ARM_GCC_541\Debug\Sensored BLDC Motor Control.a(CyLib.o)
 .debug_frame   0x00002424       0x20 c:/program files (x86)/cypress/psoc creator/4.2/psoc creator/import/gnu/arm/5.4.1/bin/../lib/gcc/arm-none-eabi/5.4.1/armv6-m\libgcc.a(_udivsi3.o)
 .debug_frame   0x00002444       0x20 c:/program files (x86)/cypress/psoc creator/4.2/psoc creator/import/gnu/arm/5.4.1/bin/../lib/gcc/arm-none-eabi/5.4.1/armv6-m\libgcc.a(_divsi3.o)
 .debug_frame   0x00002464       0x34 c:/program files (x86)/cypress/psoc creator/4.2/psoc creator/import/gnu/arm/5.4.1/bin/../lib/gcc/arm-none-eabi/5.4.1/armv6-m\libgcc.a(_muldi3.o)
 .debug_frame   0x00002498       0x30 c:/program files (x86)/cypress/psoc creator/4.2/psoc creator/import/gnu/arm/5.4.1/bin/../lib/gcc/arm-none-eabi/5.4.1/armv6-m\libgcc.a(bpabi.o)
 .debug_frame   0x000024c8       0x3c c:/program files (x86)/cypress/psoc creator/4.2/psoc creator/import/gnu/arm/5.4.1/bin/../lib/gcc/arm-none-eabi/5.4.1/armv6-m\libgcc.a(divsf3.o)
 .debug_frame   0x00002504       0x38 c:/program files (x86)/cypress/psoc creator/4.2/psoc creator/import/gnu/arm/5.4.1/bin/../lib/gcc/arm-none-eabi/5.4.1/armv6-m\libgcc.a(mulsf3.o)
 .debug_frame   0x0000253c       0x2c c:/program files (x86)/cypress/psoc creator/4.2/psoc creator/import/gnu/arm/5.4.1/bin/../lib/gcc/arm-none-eabi/5.4.1/armv6-m\libgcc.a(floatsisf.o)
 .debug_frame   0x00002568       0x3c c:/program files (x86)/cypress/psoc creator/4.2/psoc creator/import/gnu/arm/5.4.1/bin/../lib/gcc/arm-none-eabi/5.4.1/armv6-m\libgcc.a(_divdi3.o)
 .debug_frame   0x000025a4       0x20 c:/program files (x86)/cypress/psoc creator/4.2/psoc creator/import/gnu/arm/5.4.1/bin/../lib/gcc/arm-none-eabi/5.4.1/../../../../arm-none-eabi/lib/armv6-m\libg_nano.a(lib_a-errno.o)
 .debug_frame   0x000025c4       0x28 c:/program files (x86)/cypress/psoc creator/4.2/psoc creator/import/gnu/arm/5.4.1/bin/../lib/gcc/arm-none-eabi/5.4.1/../../../../arm-none-eabi/lib/armv6-m\libg_nano.a(lib_a-exit.o)
 .debug_frame   0x000025ec       0x2c c:/program files (x86)/cypress/psoc creator/4.2/psoc creator/import/gnu/arm/5.4.1/bin/../lib/gcc/arm-none-eabi/5.4.1/../../../../arm-none-eabi/lib/armv6-m\libg_nano.a(lib_a-init.o)
 .debug_frame   0x00002618       0x28 c:/program files (x86)/cypress/psoc creator/4.2/psoc creator/import/gnu/arm/5.4.1/bin/../lib/gcc/arm-none-eabi/5.4.1/../../../../arm-none-eabi/lib/armv6-m\libg_nano.a(lib_a-memcpy-stub.o)
 .debug_frame   0x00002640       0x20 c:/program files (x86)/cypress/psoc creator/4.2/psoc creator/import/gnu/arm/5.4.1/bin/../lib/gcc/arm-none-eabi/5.4.1/../../../../arm-none-eabi/lib/armv6-m\libg_nano.a(lib_a-memset.o)

.debug_str      0x00000000     0x23d5
 *(.debug_str)
 .debug_str     0x00000000      0x2a4 .\CortexM0\ARM_GCC_541\Debug\main.o
                                0x2e4 (size before relaxing)
 .debug_str     0x000002a4       0x71 .\CortexM0\ARM_GCC_541\Debug\getvalue.o
                                0x2fb (size before relaxing)
 .debug_str     0x00000315       0x46 .\CortexM0\ARM_GCC_541\Debug\speedloop.o
                                0x2a7 (size before relaxing)
 .debug_str     0x0000035b       0xf2 .\CortexM0\ARM_GCC_541\Debug\userinterface.o
                                0x34a (size before relaxing)
 .debug_str     0x0000044d       0x88 .\CortexM0\ARM_GCC_541\Debug\motor.o
                                0x34c (size before relaxing)
 .debug_str     0x000004d5      0x134 .\CortexM0\ARM_GCC_541\Debug\cyfitter_cfg.o
                                0x349 (size before relaxing)
 .debug_str     0x00000609       0x63 .\CortexM0\ARM_GCC_541\Debug\cymetadata.o
                                0x224 (size before relaxing)
 .debug_str     0x0000066c      0x119 .\CortexM0\ARM_GCC_541\Debug\Cm0Start.o
                                0x32a (size before relaxing)
 .debug_str     0x00000785      0x129 .\CortexM0\ARM_GCC_541\Debug\Sensored BLDC Motor Control.a(isr_spd.o)
                                0x335 (size before relaxing)
 .debug_str     0x000008ae       0x99 .\CortexM0\ARM_GCC_541\Debug\Sensored BLDC Motor Control.a(Hall_Error.o)
                                0x28a (size before relaxing)
 .debug_str     0x00000947      0x493 .\CortexM0\ARM_GCC_541\Debug\Sensored BLDC Motor Control.a(PWM_Drive.o)
                                0x688 (size before relaxing)
 .debug_str     0x00000dda      0x102 .\CortexM0\ARM_GCC_541\Debug\Sensored BLDC Motor Control.a(isr_pwm.o)
                                0x335 (size before relaxing)
 .debug_str     0x00000edc       0x50 .\CortexM0\ARM_GCC_541\Debug\Sensored BLDC Motor Control.a(CtrlReg_Dir.o)
                                0x21d (size before relaxing)
 .debug_str     0x00000f2c       0x51 .\CortexM0\ARM_GCC_541\Debug\Sensored BLDC Motor Control.a(CtrlReg_PWMOut.o)
                                0x226 (size before relaxing)
 .debug_str     0x00000f7d       0xce .\CortexM0\ARM_GCC_541\Debug\Sensored BLDC Motor Control.a(STATUS_LED.o)
                                0x2b5 (size before relaxing)
 .debug_str     0x0000104b      0x135 .\CortexM0\ARM_GCC_541\Debug\Sensored BLDC Motor Control.a(UART_BCP.o)
                                0x326 (size before relaxing)
 .debug_str     0x00001180      0x15d .\CortexM0\ARM_GCC_541\Debug\Sensored BLDC Motor Control.a(UART_BCP_SPI_UART.o)
                                0x352 (size before relaxing)
 .debug_str     0x000012dd      0x16f .\CortexM0\ARM_GCC_541\Debug\Sensored BLDC Motor Control.a(UART_BCP_UART.o)
                                0x37d (size before relaxing)
 .debug_str     0x0000144c       0x79 .\CortexM0\ARM_GCC_541\Debug\Sensored BLDC Motor Control.a(SW2.o)
                                0x284 (size before relaxing)
 .debug_str     0x000014c5      0x2ce .\CortexM0\ARM_GCC_541\Debug\Sensored BLDC Motor Control.a(ADC_SAR_Seq_1.o)
                                0x4f3 (size before relaxing)
 .debug_str     0x00001793       0x49 .\CortexM0\ARM_GCC_541\Debug\Sensored BLDC Motor Control.a(ADC_SAR_Seq_1_INT.o)
                                0x22d (size before relaxing)
 .debug_str     0x000017dc       0x9f .\CortexM0\ARM_GCC_541\Debug\Sensored BLDC Motor Control.a(IDAC_Iref.o)
                                0x2a5 (size before relaxing)
 .debug_str     0x0000187b      0x19a .\CortexM0\ARM_GCC_541\Debug\Sensored BLDC Motor Control.a(LPComp_OC.o)
                                0x3a8 (size before relaxing)
 .debug_str     0x00001a15       0xf4 .\CortexM0\ARM_GCC_541\Debug\Sensored BLDC Motor Control.a(isr_oc.o)
                                0x327 (size before relaxing)
 .debug_str     0x00001b09      0x423 .\CortexM0\ARM_GCC_541\Debug\Sensored BLDC Motor Control.a(Counter_Spd.o)
                                0x6dc (size before relaxing)
 .debug_str     0x00001f2c      0x4a9 .\CortexM0\ARM_GCC_541\Debug\Sensored BLDC Motor Control.a(CyLib.o)
                                0x6d7 (size before relaxing)

.debug_loc
 *(.debug_loc)

.debug_macinfo
 *(.debug_macinfo)

.debug_ranges   0x00000000      0x998
 *(.debug_ranges)
 .debug_ranges  0x00000000       0x10 .\CortexM0\ARM_GCC_541\Debug\main.o
 .debug_ranges  0x00000010       0x18 .\CortexM0\ARM_GCC_541\Debug\getvalue.o
 .debug_ranges  0x00000028       0x10 .\CortexM0\ARM_GCC_541\Debug\speedloop.o
 .debug_ranges  0x00000038       0x38 .\CortexM0\ARM_GCC_541\Debug\userinterface.o
 .debug_ranges  0x00000070       0x38 .\CortexM0\ARM_GCC_541\Debug\motor.o
 .debug_ranges  0x000000a8       0x48 .\CortexM0\ARM_GCC_541\Debug\cyfitter_cfg.o
 .debug_ranges  0x000000f0       0x38 .\CortexM0\ARM_GCC_541\Debug\Cm0Start.o
 .debug_ranges  0x00000128       0x70 .\CortexM0\ARM_GCC_541\Debug\Sensored BLDC Motor Control.a(isr_spd.o)
 .debug_ranges  0x00000198       0x30 .\CortexM0\ARM_GCC_541\Debug\Sensored BLDC Motor Control.a(Hall_Error.o)
 .debug_ranges  0x000001c8      0x148 .\CortexM0\ARM_GCC_541\Debug\Sensored BLDC Motor Control.a(PWM_Drive.o)
 .debug_ranges  0x00000310       0x70 .\CortexM0\ARM_GCC_541\Debug\Sensored BLDC Motor Control.a(isr_pwm.o)
 .debug_ranges  0x00000380       0x18 .\CortexM0\ARM_GCC_541\Debug\Sensored BLDC Motor Control.a(CtrlReg_Dir.o)
 .debug_ranges  0x00000398       0x18 .\CortexM0\ARM_GCC_541\Debug\Sensored BLDC Motor Control.a(CtrlReg_PWMOut.o)
 .debug_ranges  0x000003b0       0x38 .\CortexM0\ARM_GCC_541\Debug\Sensored BLDC Motor Control.a(STATUS_LED.o)
 .debug_ranges  0x000003e8       0x58 .\CortexM0\ARM_GCC_541\Debug\Sensored BLDC Motor Control.a(UART_BCP.o)
 .debug_ranges  0x00000440       0x50 .\CortexM0\ARM_GCC_541\Debug\Sensored BLDC Motor Control.a(UART_BCP_SPI_UART.o)
 .debug_ranges  0x00000490       0x58 .\CortexM0\ARM_GCC_541\Debug\Sensored BLDC Motor Control.a(UART_BCP_UART.o)
 .debug_ranges  0x000004e8       0x38 .\CortexM0\ARM_GCC_541\Debug\Sensored BLDC Motor Control.a(SW2.o)
 .debug_ranges  0x00000520       0x98 .\CortexM0\ARM_GCC_541\Debug\Sensored BLDC Motor Control.a(ADC_SAR_Seq_1.o)
 .debug_ranges  0x000005b8       0x10 .\CortexM0\ARM_GCC_541\Debug\Sensored BLDC Motor Control.a(ADC_SAR_Seq_1_INT.o)
 .debug_ranges  0x000005c8       0x30 .\CortexM0\ARM_GCC_541\Debug\Sensored BLDC Motor Control.a(IDAC_Iref.o)
 .debug_ranges  0x000005f8       0x78 .\CortexM0\ARM_GCC_541\Debug\Sensored BLDC Motor Control.a(LPComp_OC.o)
 .debug_ranges  0x00000670       0x70 .\CortexM0\ARM_GCC_541\Debug\Sensored BLDC Motor Control.a(isr_oc.o)
 .debug_ranges  0x000006e0      0x148 .\CortexM0\ARM_GCC_541\Debug\Sensored BLDC Motor Control.a(Counter_Spd.o)
 .debug_ranges  0x00000828      0x170 .\CortexM0\ARM_GCC_541\Debug\Sensored BLDC Motor Control.a(CyLib.o)

.comment        0x00000000       0x6e
 .comment       0x00000000       0x6e .\CortexM0\ARM_GCC_541\Debug\main.o
                                 0x6f (size before relaxing)
 .comment       0x0000006e       0x6f .\CortexM0\ARM_GCC_541\Debug\getvalue.o
 .comment       0x0000006e       0x6f .\CortexM0\ARM_GCC_541\Debug\speedloop.o
 .comment       0x0000006e       0x6f .\CortexM0\ARM_GCC_541\Debug\userinterface.o
 .comment       0x0000006e       0x6f .\CortexM0\ARM_GCC_541\Debug\motor.o
 .comment       0x0000006e       0x6f .\CortexM0\ARM_GCC_541\Debug\cyfitter_cfg.o
 .comment       0x0000006e       0x6f .\CortexM0\ARM_GCC_541\Debug\cymetadata.o
 .comment       0x0000006e       0x6f .\CortexM0\ARM_GCC_541\Debug\Cm0Start.o
 .comment       0x0000006e       0x6f .\CortexM0\ARM_GCC_541\Debug\Sensored BLDC Motor Control.a(isr_spd.o)
 .comment       0x0000006e       0x6f .\CortexM0\ARM_GCC_541\Debug\Sensored BLDC Motor Control.a(Hall_Error.o)
 .comment       0x0000006e       0x6f .\CortexM0\ARM_GCC_541\Debug\Sensored BLDC Motor Control.a(PWM_Drive.o)
 .comment       0x0000006e       0x6f .\CortexM0\ARM_GCC_541\Debug\Sensored BLDC Motor Control.a(isr_pwm.o)
 .comment       0x0000006e       0x6f .\CortexM0\ARM_GCC_541\Debug\Sensored BLDC Motor Control.a(CtrlReg_Dir.o)
 .comment       0x0000006e       0x6f .\CortexM0\ARM_GCC_541\Debug\Sensored BLDC Motor Control.a(CtrlReg_PWMOut.o)
 .comment       0x0000006e       0x6f .\CortexM0\ARM_GCC_541\Debug\Sensored BLDC Motor Control.a(STATUS_LED.o)
 .comment       0x0000006e       0x6f .\CortexM0\ARM_GCC_541\Debug\Sensored BLDC Motor Control.a(UART_BCP.o)
 .comment       0x0000006e       0x6f .\CortexM0\ARM_GCC_541\Debug\Sensored BLDC Motor Control.a(UART_BCP_SPI_UART.o)
 .comment       0x0000006e       0x6f .\CortexM0\ARM_GCC_541\Debug\Sensored BLDC Motor Control.a(UART_BCP_UART.o)
 .comment       0x0000006e       0x6f .\CortexM0\ARM_GCC_541\Debug\Sensored BLDC Motor Control.a(SW2.o)
 .comment       0x0000006e       0x6f .\CortexM0\ARM_GCC_541\Debug\Sensored BLDC Motor Control.a(ADC_SAR_Seq_1.o)
 .comment       0x0000006e       0x6f .\CortexM0\ARM_GCC_541\Debug\Sensored BLDC Motor Control.a(ADC_SAR_Seq_1_INT.o)
 .comment       0x0000006e       0x6f .\CortexM0\ARM_GCC_541\Debug\Sensored BLDC Motor Control.a(IDAC_Iref.o)
 .comment       0x0000006e       0x6f .\CortexM0\ARM_GCC_541\Debug\Sensored BLDC Motor Control.a(LPComp_OC.o)
 .comment       0x0000006e       0x6f .\CortexM0\ARM_GCC_541\Debug\Sensored BLDC Motor Control.a(isr_oc.o)
 .comment       0x0000006e       0x6f .\CortexM0\ARM_GCC_541\Debug\Sensored BLDC Motor Control.a(Counter_Spd.o)
 .comment       0x0000006e       0x6f .\CortexM0\ARM_GCC_541\Debug\Sensored BLDC Motor Control.a(CyLib.o)

.debug_weaknames
 *(.debug_weaknames)

.debug_funcnames
 *(.debug_funcnames)

.debug_typenames
 *(.debug_typenames)

.debug_varnames
 *(.debug_varnames)

.note.gnu.arm.ident
 *(.note.gnu.arm.ident)

.ARM.attributes
                0x00000000       0x28
 *(.ARM.attributes)
 .ARM.attributes
                0x00000000       0x1e c:/program files (x86)/cypress/psoc creator/4.2/psoc creator/import/gnu/arm/5.4.1/bin/../lib/gcc/arm-none-eabi/5.4.1/armv6-m/crti.o
 .ARM.attributes
                0x0000001e       0x2c c:/program files (x86)/cypress/psoc creator/4.2/psoc creator/import/gnu/arm/5.4.1/bin/../lib/gcc/arm-none-eabi/5.4.1/armv6-m/crtbegin.o
 .ARM.attributes
                0x0000004a       0x1b c:/program files (x86)/cypress/psoc creator/4.2/psoc creator/import/gnu/arm/5.4.1/bin/../lib/gcc/arm-none-eabi/5.4.1/../../../../arm-none-eabi/lib/armv6-m/crt0.o
 .ARM.attributes
                0x00000065       0x31 .\CortexM0\ARM_GCC_541\Debug\main.o
 .ARM.attributes
                0x00000096       0x31 .\CortexM0\ARM_GCC_541\Debug\getvalue.o
 .ARM.attributes
                0x000000c7       0x31 .\CortexM0\ARM_GCC_541\Debug\speedloop.o
 .ARM.attributes
                0x000000f8       0x31 .\CortexM0\ARM_GCC_541\Debug\userinterface.o
 .ARM.attributes
                0x00000129       0x31 .\CortexM0\ARM_GCC_541\Debug\motor.o
 .ARM.attributes
                0x0000015a       0x31 .\CortexM0\ARM_GCC_541\Debug\cyfitter_cfg.o
 .ARM.attributes
                0x0000018b       0x31 .\CortexM0\ARM_GCC_541\Debug\cymetadata.o
 .ARM.attributes
                0x000001bc       0x31 .\CortexM0\ARM_GCC_541\Debug\Cm0Start.o
 .ARM.attributes
                0x000001ed       0x31 .\CortexM0\ARM_GCC_541\Debug\Sensored BLDC Motor Control.a(isr_spd.o)
 .ARM.attributes
                0x0000021e       0x31 .\CortexM0\ARM_GCC_541\Debug\Sensored BLDC Motor Control.a(Hall_Error.o)
 .ARM.attributes
                0x0000024f       0x31 .\CortexM0\ARM_GCC_541\Debug\Sensored BLDC Motor Control.a(PWM_Drive.o)
 .ARM.attributes
                0x00000280       0x31 .\CortexM0\ARM_GCC_541\Debug\Sensored BLDC Motor Control.a(isr_pwm.o)
 .ARM.attributes
                0x000002b1       0x31 .\CortexM0\ARM_GCC_541\Debug\Sensored BLDC Motor Control.a(CtrlReg_Dir.o)
 .ARM.attributes
                0x000002e2       0x31 .\CortexM0\ARM_GCC_541\Debug\Sensored BLDC Motor Control.a(CtrlReg_PWMOut.o)
 .ARM.attributes
                0x00000313       0x31 .\CortexM0\ARM_GCC_541\Debug\Sensored BLDC Motor Control.a(STATUS_LED.o)
 .ARM.attributes
                0x00000344       0x31 .\CortexM0\ARM_GCC_541\Debug\Sensored BLDC Motor Control.a(UART_BCP.o)
 .ARM.attributes
                0x00000375       0x31 .\CortexM0\ARM_GCC_541\Debug\Sensored BLDC Motor Control.a(UART_BCP_SPI_UART.o)
 .ARM.attributes
                0x000003a6       0x31 .\CortexM0\ARM_GCC_541\Debug\Sensored BLDC Motor Control.a(UART_BCP_UART.o)
 .ARM.attributes
                0x000003d7       0x31 .\CortexM0\ARM_GCC_541\Debug\Sensored BLDC Motor Control.a(SW2.o)
 .ARM.attributes
                0x00000408       0x31 .\CortexM0\ARM_GCC_541\Debug\Sensored BLDC Motor Control.a(ADC_SAR_Seq_1.o)
 .ARM.attributes
                0x00000439       0x31 .\CortexM0\ARM_GCC_541\Debug\Sensored BLDC Motor Control.a(ADC_SAR_Seq_1_INT.o)
 .ARM.attributes
                0x0000046a       0x31 .\CortexM0\ARM_GCC_541\Debug\Sensored BLDC Motor Control.a(IDAC_Iref.o)
 .ARM.attributes
                0x0000049b       0x31 .\CortexM0\ARM_GCC_541\Debug\Sensored BLDC Motor Control.a(LPComp_OC.o)
 .ARM.attributes
                0x000004cc       0x31 .\CortexM0\ARM_GCC_541\Debug\Sensored BLDC Motor Control.a(isr_oc.o)
 .ARM.attributes
                0x000004fd       0x31 .\CortexM0\ARM_GCC_541\Debug\Sensored BLDC Motor Control.a(Counter_Spd.o)
 .ARM.attributes
                0x0000052e       0x31 .\CortexM0\ARM_GCC_541\Debug\Sensored BLDC Motor Control.a(CyLib.o)
 .ARM.attributes
                0x0000055f       0x21 .\CortexM0\ARM_GCC_541\Debug\Sensored BLDC Motor Control.a(CyBootAsmGnu.o)
 .ARM.attributes
                0x00000580       0x1e c:/program files (x86)/cypress/psoc creator/4.2/psoc creator/import/gnu/arm/5.4.1/bin/../lib/gcc/arm-none-eabi/5.4.1/armv6-m\libgcc.a(_udivsi3.o)
 .ARM.attributes
                0x0000059e       0x1e c:/program files (x86)/cypress/psoc creator/4.2/psoc creator/import/gnu/arm/5.4.1/bin/../lib/gcc/arm-none-eabi/5.4.1/armv6-m\libgcc.a(_divsi3.o)
 .ARM.attributes
                0x000005bc       0x1e c:/program files (x86)/cypress/psoc creator/4.2/psoc creator/import/gnu/arm/5.4.1/bin/../lib/gcc/arm-none-eabi/5.4.1/armv6-m\libgcc.a(_dvmd_tls.o)
 .ARM.attributes
                0x000005da       0x1e c:/program files (x86)/cypress/psoc creator/4.2/psoc creator/import/gnu/arm/5.4.1/bin/../lib/gcc/arm-none-eabi/5.4.1/armv6-m\libgcc.a(_aeabi_ldivmod.o)
 .ARM.attributes
                0x000005f8       0x2c c:/program files (x86)/cypress/psoc creator/4.2/psoc creator/import/gnu/arm/5.4.1/bin/../lib/gcc/arm-none-eabi/5.4.1/armv6-m\libgcc.a(_muldi3.o)
 .ARM.attributes
                0x00000624       0x2c c:/program files (x86)/cypress/psoc creator/4.2/psoc creator/import/gnu/arm/5.4.1/bin/../lib/gcc/arm-none-eabi/5.4.1/armv6-m\libgcc.a(bpabi.o)
 .ARM.attributes
                0x00000650       0x2c c:/program files (x86)/cypress/psoc creator/4.2/psoc creator/import/gnu/arm/5.4.1/bin/../lib/gcc/arm-none-eabi/5.4.1/armv6-m\libgcc.a(divsf3.o)
 .ARM.attributes
                0x0000067c       0x2c c:/program files (x86)/cypress/psoc creator/4.2/psoc creator/import/gnu/arm/5.4.1/bin/../lib/gcc/arm-none-eabi/5.4.1/armv6-m\libgcc.a(mulsf3.o)
 .ARM.attributes
                0x000006a8       0x2c c:/program files (x86)/cypress/psoc creator/4.2/psoc creator/import/gnu/arm/5.4.1/bin/../lib/gcc/arm-none-eabi/5.4.1/armv6-m\libgcc.a(floatsisf.o)
 .ARM.attributes
                0x000006d4       0x1e c:/program files (x86)/cypress/psoc creator/4.2/psoc creator/import/gnu/arm/5.4.1/bin/../lib/gcc/arm-none-eabi/5.4.1/armv6-m\libgcc.a(_clzsi2.o)
 .ARM.attributes
                0x000006f2       0x2c c:/program files (x86)/cypress/psoc creator/4.2/psoc creator/import/gnu/arm/5.4.1/bin/../lib/gcc/arm-none-eabi/5.4.1/armv6-m\libgcc.a(_divdi3.o)
 .ARM.attributes
                0x0000071e       0x1e c:/program files (x86)/cypress/psoc creator/4.2/psoc creator/import/gnu/arm/5.4.1/bin/../lib/gcc/arm-none-eabi/5.4.1/armv6-m\libgcc.a(_clzdi2.o)
 .ARM.attributes
                0x0000073c       0x2c c:/program files (x86)/cypress/psoc creator/4.2/psoc creator/import/gnu/arm/5.4.1/bin/../lib/gcc/arm-none-eabi/5.4.1/../../../../arm-none-eabi/lib/armv6-m\libg_nano.a(lib_a-errno.o)
 .ARM.attributes
                0x00000768       0x2c c:/program files (x86)/cypress/psoc creator/4.2/psoc creator/import/gnu/arm/5.4.1/bin/../lib/gcc/arm-none-eabi/5.4.1/../../../../arm-none-eabi/lib/armv6-m\libg_nano.a(lib_a-exit.o)
 .ARM.attributes
                0x00000794       0x2c c:/program files (x86)/cypress/psoc creator/4.2/psoc creator/import/gnu/arm/5.4.1/bin/../lib/gcc/arm-none-eabi/5.4.1/../../../../arm-none-eabi/lib/armv6-m\libg_nano.a(lib_a-impure.o)
 .ARM.attributes
                0x000007c0       0x2c c:/program files (x86)/cypress/psoc creator/4.2/psoc creator/import/gnu/arm/5.4.1/bin/../lib/gcc/arm-none-eabi/5.4.1/../../../../arm-none-eabi/lib/armv6-m\libg_nano.a(lib_a-init.o)
 .ARM.attributes
                0x000007ec       0x2c c:/program files (x86)/cypress/psoc creator/4.2/psoc creator/import/gnu/arm/5.4.1/bin/../lib/gcc/arm-none-eabi/5.4.1/../../../../arm-none-eabi/lib/armv6-m\libg_nano.a(lib_a-memcpy-stub.o)
 .ARM.attributes
                0x00000818       0x2c c:/program files (x86)/cypress/psoc creator/4.2/psoc creator/import/gnu/arm/5.4.1/bin/../lib/gcc/arm-none-eabi/5.4.1/../../../../arm-none-eabi/lib/armv6-m\libg_nano.a(lib_a-memset.o)
 .ARM.attributes
                0x00000844       0x2c c:/program files (x86)/cypress/psoc creator/4.2/psoc creator/import/gnu/arm/5.4.1/bin/../lib/gcc/arm-none-eabi/5.4.1/armv6-m/crtend.o
 .ARM.attributes
                0x00000870       0x1e c:/program files (x86)/cypress/psoc creator/4.2/psoc creator/import/gnu/arm/5.4.1/bin/../lib/gcc/arm-none-eabi/5.4.1/armv6-m/crtn.o

/DISCARD/
 *(.note.GNU-stack)
OUTPUT(C:\Users\IlyR\OneDrive - The University of Manchester\EEE MTE SEM2\3YP\control\speed_control_v1\Sensored BLDC Motor Control\Sensored BLDC Motor Control.cydsn\CortexM0\ARM_GCC_541\Debug\Sensored BLDC Motor Control.elf elf32-littlearm)
